Component: ARM Compiler 5.06 update 7 (build 960) Tool: armlink [4d3601]

==============================================================================

Section Cross References

    startup_stm32f407xx.o(RESET) refers to startup_stm32f407xx.o(STACK) for __initial_sp
    startup_stm32f407xx.o(RESET) refers to startup_stm32f407xx.o(.text) for Reset_Handler
    startup_stm32f407xx.o(RESET) refers to stm32f4xx_it.o(i.NMI_Handler) for NMI_Handler
    startup_stm32f407xx.o(RESET) refers to stm32f4xx_it.o(i.HardFault_Handler) for HardFault_Handler
    startup_stm32f407xx.o(RESET) refers to stm32f4xx_it.o(i.MemManage_Handler) for MemManage_Handler
    startup_stm32f407xx.o(RESET) refers to stm32f4xx_it.o(i.BusFault_Handler) for BusFault_Handler
    startup_stm32f407xx.o(RESET) refers to stm32f4xx_it.o(i.UsageFault_Handler) for UsageFault_Handler
    startup_stm32f407xx.o(RESET) refers to stm32f4xx_it.o(i.SVC_Handler) for SVC_Handler
    startup_stm32f407xx.o(RESET) refers to stm32f4xx_it.o(i.DebugMon_Handler) for DebugMon_Handler
    startup_stm32f407xx.o(RESET) refers to stm32f4xx_it.o(i.PendSV_Handler) for PendSV_Handler
    startup_stm32f407xx.o(RESET) refers to stm32f4xx_it.o(i.SysTick_Handler) for SysTick_Handler
    startup_stm32f407xx.o(RESET) refers to usbd_conf.o(i.OTG_FS_IRQHandler) for OTG_FS_IRQHandler
    startup_stm32f407xx.o(.text) refers to system_stm32f4xx.o(i.SystemInit) for SystemInit
    startup_stm32f407xx.o(.text) refers to entry.o(.ARM.Collect$$$$00000000) for __main
    main.o(i.SystemClock_Config) refers to memseta.o(.text) for __aeabi_memclr4
    main.o(i.SystemClock_Config) refers to stm32f4xx_hal_rcc.o(i.HAL_RCC_OscConfig) for HAL_RCC_OscConfig
    main.o(i.SystemClock_Config) refers to stm32f4xx_hal_rcc.o(i.HAL_RCC_ClockConfig) for HAL_RCC_ClockConfig
    main.o(i.main) refers to stm32f4xx_hal.o(i.HAL_Init) for HAL_Init
    main.o(i.main) refers to main.o(i.sys_stm32_clock_init) for sys_stm32_clock_init
    main.o(i.main) refers to gpio.o(i.MX_GPIO_Init) for MX_GPIO_Init
    main.o(i.main) refers to fsmc.o(i.MX_FSMC_Init) for MX_FSMC_Init
    main.o(i.main) refers to spi.o(i.MX_SPI2_Init) for MX_SPI2_Init
    main.o(i.main) refers to usart.o(i.MX_USART1_UART_Init) for MX_USART1_UART_Init
    main.o(i.main) refers to delay.o(i.DWT_Init) for DWT_Init
    main.o(i.main) refers to key_led.o(i.Key_Init) for Key_Init
    main.o(i.main) refers to key_led.o(i.Led_Init) for Led_Init
    main.o(i.main) refers to lcd.o(i.lcd_init) for lcd_init
    main.o(i.main) refers to norflash.o(i.norflash_init) for norflash_init
    main.o(i.main) refers to malloc.o(i.my_mem_init) for my_mem_init
    main.o(i.main) refers to lcd.o(i.lcd_show_string) for lcd_show_string
    main.o(i.main) refers to norflash.o(i.norflash_read_id) for norflash_read_id
    main.o(i.main) refers to usbd_core.o(i.USBD_Init) for USBD_Init
    main.o(i.main) refers to usbd_core.o(i.USBD_RegisterClass) for USBD_RegisterClass
    main.o(i.main) refers to usbd_msc.o(i.USBD_MSC_RegisterStorage) for USBD_MSC_RegisterStorage
    main.o(i.main) refers to usbd_core.o(i.USBD_Start) for USBD_Start
    main.o(i.main) refers to stm32f4xx_hal.o(i.HAL_Delay) for HAL_Delay
    main.o(i.main) refers to lcd.o(i.lcd_fill) for lcd_fill
    main.o(i.main) refers to key_led.o(i.Led_On) for Led_On
    main.o(i.main) refers to key_led.o(i.Led_Off) for Led_Off
    main.o(i.main) refers to key_led.o(i.Led_Toggle) for Led_Toggle
    main.o(i.main) refers to usbd_desc.o(.data) for FS_Desc
    main.o(i.main) refers to main.o(.bss) for .bss
    main.o(i.main) refers to usbd_msc.o(.data) for USBD_MSC
    main.o(i.main) refers to usbd_storage.o(.data) for USBD_Storage_Interface_fops_FS
    main.o(i.main) refers to usbd_conf.o(.data) for g_device_state
    main.o(i.main) refers to usbd_storage.o(.data) for g_usb_state_reg
    main.o(i.sys_stm32_clock_init) refers to stm32f4xx_hal_rcc.o(i.HAL_RCC_OscConfig) for HAL_RCC_OscConfig
    main.o(i.sys_stm32_clock_init) refers to stm32f4xx_hal_rcc.o(i.HAL_RCC_ClockConfig) for HAL_RCC_ClockConfig
    main.o(i.sys_stm32_clock_init) refers to stm32f4xx_hal.o(i.HAL_GetREVID) for HAL_GetREVID
    gpio.o(i.MX_GPIO_Init) refers to memseta.o(.text) for __aeabi_memclr4
    gpio.o(i.MX_GPIO_Init) refers to stm32f4xx_hal_gpio.o(i.HAL_GPIO_WritePin) for HAL_GPIO_WritePin
    gpio.o(i.MX_GPIO_Init) refers to stm32f4xx_hal_gpio.o(i.HAL_GPIO_Init) for HAL_GPIO_Init
    fsmc.o(i.HAL_FSMC_MspInit) refers to memseta.o(.text) for __aeabi_memclr4
    fsmc.o(i.HAL_FSMC_MspInit) refers to stm32f4xx_hal_gpio.o(i.HAL_GPIO_Init) for HAL_GPIO_Init
    fsmc.o(i.HAL_FSMC_MspInit) refers to fsmc.o(.data) for .data
    fsmc.o(i.HAL_SRAM_MspDeInit) refers to stm32f4xx_hal_gpio.o(i.HAL_GPIO_DeInit) for HAL_GPIO_DeInit
    fsmc.o(i.HAL_SRAM_MspDeInit) refers to fsmc.o(.data) for .data
    fsmc.o(i.HAL_SRAM_MspInit) refers to fsmc.o(i.HAL_FSMC_MspInit) for HAL_FSMC_MspInit
[...]
    i.lcd_ex_st7796_reginit                  0x080070b4   Section        0  lcd.o(i.lcd_ex_st7796_reginit)
    i.lcd_fill                               0x08007278   Section        0  lcd.o(i.lcd_fill)
    i.lcd_init                               0x080072c0   Section        0  lcd.o(i.lcd_init)
    i.lcd_rd_data                            0x080074d4   Section        0  lcd.o(i.lcd_rd_data)
    lcd_rd_data                              0x080074d5   Thumb Code    22  lcd.o(i.lcd_rd_data)
    i.lcd_scan_dir                           0x080074f0   Section        0  lcd.o(i.lcd_scan_dir)
    i.lcd_set_cursor                         0x08007674   Section        0  lcd.o(i.lcd_set_cursor)
    i.lcd_show_char                          0x08007768   Section        0  lcd.o(i.lcd_show_char)
    i.lcd_show_string                        0x08007844   Section        0  lcd.o(i.lcd_show_string)
    i.lcd_ssd_backlight_set                  0x0800789c   Section        0  lcd.o(i.lcd_ssd_backlight_set)
    i.lcd_wr_data                            0x080078ec   Section        0  lcd.o(i.lcd_wr_data)
    i.lcd_wr_regno                           0x08007904   Section        0  lcd.o(i.lcd_wr_regno)
    i.lcd_write_ram_prepare                  0x0800791c   Section        0  lcd.o(i.lcd_write_ram_prepare)
    i.lcd_write_reg                          0x08007930   Section        0  lcd.o(i.lcd_write_reg)
    i.main                                   0x08007940   Section        0  main.o(i.main)
    i.my_mem_free                            0x08007c2c   Section        0  malloc.o(i.my_mem_free)
    i.my_mem_init                            0x08007c84   Section        0  malloc.o(i.my_mem_init)
    i.my_mem_malloc                          0x08007cb0   Section        0  malloc.o(i.my_mem_malloc)
    i.my_mem_perused                         0x08007d40   Section        0  malloc.o(i.my_mem_perused)
    i.my_mem_set                             0x08007d7c   Section        0  malloc.o(i.my_mem_set)
    i.myfree                                 0x08007d8c   Section        0  malloc.o(i.myfree)
    i.mymalloc                               0x08007da4   Section        0  malloc.o(i.mymalloc)
    i.norflash_erase_sector                  0x08007dc4   Section        0  norflash.o(i.norflash_erase_sector)
    i.norflash_init                          0x08007e00   Section        0  norflash.o(i.norflash_init)
    i.norflash_read                          0x08007e60   Section        0  norflash.o(i.norflash_read)
    i.norflash_read_id                       0x08007ea8   Section        0  norflash.o(i.norflash_read_id)
    i.norflash_read_sr                       0x08007ef0   Section        0  norflash.o(i.norflash_read_sr)
    i.norflash_send_address                  0x08007f34   Section        0  norflash.o(i.norflash_send_address)
    norflash_send_address                    0x08007f35   Thumb Code    48  norflash.o(i.norflash_send_address)
    i.norflash_wait_busy                     0x08007f68   Section        0  norflash.o(i.norflash_wait_busy)
    norflash_wait_busy                       0x08007f69   Thumb Code    14  norflash.o(i.norflash_wait_busy)
    i.norflash_write                         0x08007f78   Section        0  norflash.o(i.norflash_write)
    i.norflash_write_enable                  0x08008014   Section        0  norflash.o(i.norflash_write_enable)
    i.norflash_write_nocheck                 0x0800803c   Section        0  norflash.o(i.norflash_write_nocheck)
    norflash_write_nocheck                   0x0800803d   Thumb Code   120  norflash.o(i.norflash_write_nocheck)
    i.norflash_write_sr                      0x080080b8   Section        0  norflash.o(i.norflash_write_sr)
    i.spi2_read_write_byte                   0x080080fc   Section        0  norflash.o(i.spi2_read_write_byte)
    i.sys_stm32_clock_init                   0x0800811c   Section        0  main.o(i.sys_stm32_clock_init)
    .constdata                               0x080081b0   Section       16  system_stm32f4xx.o(.constdata)
    .constdata                               0x080081c0   Section        8  system_stm32f4xx.o(.constdata)
    .constdata                               0x080081c8   Section    12160  lcd.o(.constdata)
    .constdata                               0x0800b148   Section       24  malloc.o(.constdata)
    .constdata                               0x0800b160   Section       36  usbd_storage.o(.constdata)
    .ARM.__AT_0x10000000                     0x10000000   Section    61440  malloc.o(.ARM.__AT_0x10000000)
    mem2base                                 0x10000000   Data       61440  malloc.o(.ARM.__AT_0x10000000)
    .ARM.__AT_0x1000F000                     0x1000f000   Section     3840  malloc.o(.ARM.__AT_0x1000F000)
    mem2mapbase                              0x1000f000   Data        3840  malloc.o(.ARM.__AT_0x1000F000)
    .data                                    0x20000000   Section       12  stm32f4xx_hal.o(.data)
    .data                                    0x2000000c   Section        4  system_stm32f4xx.o(.data)
    .data                                    0x20000010   Section       56  usbd_msc.o(.data)
    .data                                    0x20000048   Section        8  usbd_msc_data.o(.data)
    .data                                    0x20000050   Section       27  usbd_msc_data.o(.data)
    .data                                    0x2000006b   Section        1  usbd_storage.o(.data)
    .data                                    0x2000006c   Section       32  usbd_storage.o(.data)
    .data                                    0x2000008c   Section        4  stdout.o(.data)
    .bss                                     0x20000090   Section      720  main.o(.bss)
    .bss                                     0x20000360   Section       68  usart.o(.bss)
    .bss                                     0x200003a4   Section       14  lcd.o(.bss)
    .bss                                     0x200003b2   Section     4096  norflash.o(.bss)
    .bss                                     0x200013c0   Section    102400  malloc.o(.bss)
    mem1base                                 0x200013c0   Data       102400  malloc.o(.bss)
    .data                                    0x2001c000   Section        8  fsmc.o(.data)
    FSMC_Initialized                         0x2001c000   Data           4  fsmc.o(.data)
    FSMC_DeInitialized                       0x2001c004   Data           4  fsmc.o(.data)
    .data                                    0x2001c008   Section        4  lcd.o(.data)
    .data                                    0x2001c00c   Section        2  norflash.o(.data)
    .data                                    0x2001c010   Section       28  malloc.o(.data)
    .data                                    0x2001c02c   Section        1  usbd_ctlreq.o(.data)
    cfgidx                                   0x2001c02c   Data           1  usbd_ctlreq.o(.data)
    .data                                    0x2001c030   Section      106  usbd_msc.o(.data)
    USBD_MSC_CfgHSDesc                       0x2001c030   Data          32  usbd_msc.o(.data)
    USBD_MSC_CfgFSDesc                       0x2001c050   Data          32  usbd_msc.o(.data)
    USBD_MSC_OtherSpeedCfgDesc               0x2001c070   Data          32  usbd_msc.o(.data)
    USBD_MSC_DeviceQualifierDesc             0x2001c090   Data          10  usbd_msc.o(.data)
    .data                                    0x2001c09a   Section        6  usbd_msc_data.o(.data)
    .data                                    0x2001c0a0   Section       23  usbd_msc_data.o(.data)
    .data                                    0x2001c0b7   Section        1  usbd_conf.o(.data)
    .data                                    0x2001c0b8   Section       28  usbd_desc.o(.data)
    .data                                    0x2001c0d4   Section       50  usbd_desc.o(.data)
    .bss                                     0x2001c108   Section       80  fsmc.o(.bss)
    .bss                                     0x2001c158   Section       88  spi.o(.bss)
    .bss                                     0x2001c1b0   Section     6400  malloc.o(.bss)
    mem1mapbase                              0x2001c1b0   Data        6400  malloc.o(.bss)
    .bss                                     0x2001dab0   Section     1032  usbd_conf.o(.bss)
    .bss                                     0x2001deb8   Section      256  usbd_desc.o(.bss)
    STACK                                    0x2001dfb8   Section     1024  startup_stm32f407xx.o(STACK)

    Global Symbols

    Symbol Name                              Value     Ov Type        Size  Object(Section)

    BuildAttributes$$THM_ISAv4$E$P$D$K$B$S$7EM$VFPi3$EXTD16$VFPS$VFMA$PE$A:L22UL41UL21$X:L11$S22US41US21$IEEE1$IW$USESV6$~STKCKD$USESV7$~SHL$OSPACE$ROPI$EBA8$MICROLIB$REQ8$PRES8$EABIv2 0x00000000   Number         0  anon$$obj.o ABSOLUTE
    __ARM_use_no_argv                        0x00000000   Number         0  main.o ABSOLUTE
    __arm_fini_                               - Undefined Weak Reference
    __cpp_initialize__aeabi_                  - Undefined Weak Reference
    __cxa_finalize                            - Undefined Weak Reference
    _clock_init                               - Undefined Weak Reference
    _microlib_exit                            - Undefined Weak Reference
    __Vectors_Size                           0x00000188   Number         0  startup_stm32f407xx.o ABSOLUTE
    __Vectors                                0x08000000   Data           4  startup_stm32f407xx.o(RESET)
    __Vectors_End                            0x08000188   Data           0  startup_stm32f407xx.o(RESET)
    __main                                   0x08000189   Thumb Code     0  entry.o(.ARM.Collect$$$$00000000)
    _main_stk                                0x08000189   Thumb Code     0  entry2.o(.ARM.Collect$$$$00000001)
    _main_scatterload                        0x0800018d   Thumb Code     0  entry5.o(.ARM.Collect$$$$00000004)
    __main_after_scatterload                 0x08000191   Thumb Code     0  entry5.o(.ARM.Collect$$$$00000004)
    _main_clock                              0x08000191   Thumb Code     0  entry7b.o(.ARM.Collect$$$$00000008)
    _main_cpp_init                           0x08000191   Thumb Code     0  entry8b.o(.ARM.Collect$$$$0000000A)
    _main_init                               0x08000191   Thumb Code     0  entry9a.o(.ARM.Collect$$$$0000000B)
    __rt_lib_shutdown_fini                   0x08000199   Thumb Code     0  entry12b.o(.ARM.Collect$$$$0000000E)
    __rt_final_cpp                           0x0800019d   Thumb Code     0  entry10a.o(.ARM.Collect$$$$0000000F)
    __rt_final_exit                          0x0800019d   Thumb Code     0  entry11a.o(.ARM.Collect$$$$00000011)
    Reset_Handler                            0x080001a1   Thumb Code     8  startup_stm32f407xx.o(.text)
    ADC_IRQHandler                           0x080001bb   Thumb Code     0  startup_stm32f407xx.o(.text)
    CAN1_RX0_IRQHandler                      0x080001bb   Thumb Code     0  startup_stm32f407xx.o(.text)
    CAN1_RX1_IRQHandler                      0x080001bb   Thumb Code     0  startup_stm32f407xx.o(.text)
    CAN1_SCE_IRQHandler                      0x080001bb   Thumb Code     0  startup_stm32f407xx.o(.text)
    CAN1_TX_IRQHandler                       0x080001bb   Thumb Code     0  startup_stm32f407xx.o(.text)
    CAN2_RX0_IRQHandler                      0x080001bb   Thumb Code     0  startup_stm32f407xx.o(.text)
    CAN2_RX1_IRQHandler                      0x080001bb   Thumb Code     0  startup_stm32f407xx.o(.text)
    CAN2_SCE_IRQHandler                      0x080001bb   Thumb Code     0  startup_stm32f407xx.o(.text)
    CAN2_TX_IRQHandler                       0x080001bb   Thumb Code     0  startup_stm32f407xx.o(.text)
    DCMI_IRQHandler                          0x080001bb   Thumb Code     0  startup_stm32f407xx.o(.text)
    DMA1_Stream0_IRQHandler                  0x080001bb   Thumb Code     0  startup_stm32f407xx.o(.text)
    DMA1_Stream1_IRQHandler                  0x080001bb   Thumb Code     0  startup_stm32f407xx.o(.text)
    DMA1_Stream2_IRQHandler                  0x080001bb   Thumb Code     0  startup_stm32f407xx.o(.text)
    DMA1_Stream3_IRQHandler                  0x080001bb   Thumb Code     0  startup_stm32f407xx.o(.text)
    DMA1_Stream4_IRQHandler                  0x080001bb   Thumb Code     0  startup_stm32f407xx.o(.text)
    DMA1_Stream5_IRQHandler                  0x080001bb   Thumb Code     0  startup_stm32f407xx.o(.text)
    DMA1_Stream6_IRQHandler                  0x080001bb   Thumb Code     0  startup_stm32f407xx.o(.text)
    DMA1_Stream7_IRQHandler                  0x080001bb   Thumb Code     0  startup_stm32f407xx.o(.text)
    DMA2_Stream0_IRQHandler                  0x080001bb   Thumb Code     0  startup_stm32f407xx.o(.text)
    DMA2_Stream1_IRQHandler                  0x080001bb   Thumb Code     0  startup_stm32f407xx.o(.text)
    DMA2_Stream2_IRQHandler                  0x080001bb   Thumb Code     0  startup_stm32f407xx.o(.text)
    DMA2_Stream3_IRQHandler                  0x080001bb   Thumb Code     0  startup_stm32f407xx.o(.text)
    DMA2_Stream4_IRQHandler                  0x080001bb   Thumb Code     0  startup_stm32f407xx.o(.text)
    DMA2_Stream5_IRQHandler                  0x080001bb   Thumb Code     0  startup_stm32f407xx.o(.text)
    DMA2_Stream6_IRQHandler                  0x080001bb   Thumb Code     0  startup_stm32f407xx.o(.text)
    DMA2_Stream7_IRQHandler                  0x080001bb   Thumb Code     0  startup_stm32f407xx.o(.text)
    ETH_IRQHandler                           0x080001bb   Thumb Code     0  startup_stm32f407xx.o(.text)
    ETH_WKUP_IRQHandler                      0x080001bb   Thumb Code     0  startup_stm32f407xx.o(.text)
    EXTI0_IRQHandler                         0x080001bb   Thumb Code     0  startup_stm32f407xx.o(.text)
    EXTI15_10_IRQHandler                     0x080001bb   Thumb Code     0  startup_stm32f407xx.o(.text)
    EXTI1_IRQHandler                         0x080001bb   Thumb Code     0  startup_stm32f407xx.o(.text)
    EXTI2_IRQHandler                         0x080001bb   Thumb Code     0  startup_stm32f407xx.o(.text)
    EXTI3_IRQHandler                         0x080001bb   Thumb Code     0  startup_stm32f407xx.o(.text)
    EXTI4_IRQHandler                         0x080001bb   Thumb Code     0  startup_stm32f407xx.o(.text)
    EXTI9_5_IRQHandler                       0x080001bb   Thumb Code     0  startup_stm32f407xx.o(.text)
    FLASH_IRQHandler                         0x080001bb   Thumb Code     0  startup_stm32f407xx.o(.text)
    FMC_IRQHandler                           0x080001bb   Thumb Code     0  startup_stm32f407xx.o(.text)
    FPU_IRQHandler                           0x080001bb   Thumb Code     0  startup_stm32f407xx.o(.text)
    HASH_RNG_IRQHandler                      0x080001bb   Thumb Code     0  startup_stm32f407xx.o(.text)
    I2C1_ER_IRQHandler                       0x080001bb   Thumb Code     0  startup_stm32f407xx.o(.text)
    I2C1_EV_IRQHandler                       0x080001bb   Thumb Code     0  startup_stm32f407xx.o(.text)
    I2C2_ER_IRQHandler                       0x080001bb   Thumb Code     0  startup_stm32f407xx.o(.text)
    I2C2_EV_IRQHandler                       0x080001bb   Thumb Code     0  startup_stm32f407xx.o(.text)
    I2C3_ER_IRQHandler                       0x080001bb   Thumb Code     0  startup_stm32f407xx.o(.text)
    I2C3_EV_IRQHandler                       0x080001bb   Thumb Code     0  startup_stm32f407xx.o(.text)
    OTG_FS_WKUP_IRQHandler                   0x080001bb   Thumb Code     0  startup_stm32f407xx.o(.text)
    OTG_HS_EP1_IN_IRQHandler                 0x080001bb   Thumb Code     0  startup_stm32f407xx.o(.text)
    OTG_HS_EP1_OUT_IRQHandler                0x080001bb   Thumb Code     0  startup_stm32f407xx.o(.text)
    OTG_HS_IRQHandler                        0x080001bb   Thumb Code     0  startup_stm32f407xx.o(.text)
    OTG_HS_WKUP_IRQHandler                   0x080001bb   Thumb Code     0  startup_stm32f407xx.o(.text)
    PVD_IRQHandler                           0x080001bb   Thumb Code     0  startup_stm32f407xx.o(.text)
    RCC_IRQHandler                           0x080001bb   Thumb Code     0  startup_stm32f407xx.o(.text)
    RTC_Alarm_IRQHandler                     0x080001bb   Thumb Code     0  startup_stm32f407xx.o(.text)
    RTC_WKUP_IRQHandler                      0x080001bb   Thumb Code     0  startup_stm32f407xx.o(.text)
    SDIO_IRQHandler                          0x080001bb   Thumb Code     0  startup_stm32f407xx.o(.text)
    SPI1_IRQHandler                          0x080001bb   Thumb Code     0  startup_stm32f407xx.o(.text)
    SPI2_IRQHandler                          0x080001bb   Thumb Code     0  startup_stm32f407xx.o(.text)
    SPI3_IRQHandler                          0x080001bb   Thumb Code     0  startup_stm32f407xx.o(.text)
    TAMP_STAMP_IRQHandler                    0x080001bb   Thumb Code     0  startup_stm32f407xx.o(.text)
    TIM1_BRK_TIM9_IRQHandler                 0x080001bb   Thumb Code     0  startup_stm32f407xx.o(.text)
    TIM1_CC_IRQHandler                       0x080001bb   Thumb Code     0  startup_stm32f407xx.o(.text)
    TIM1_TRG_COM_TIM11_IRQHandler            0x080001bb   Thumb Code     0  startup_stm32f407xx.o(.text)
    TIM1_UP_TIM10_IRQHandler                 0x080001bb   Thumb Code     0  startup_stm32f407xx.o(.text)
    TIM2_IRQHandler                          0x080001bb   Thumb Code     0  startup_stm32f407xx.o(.text)
    TIM3_IRQHandler                          0x080001bb   Thumb Code     0  startup_stm32f407xx.o(.text)
    TIM4_IRQHandler                          0x080001bb   Thumb Code     0  startup_stm32f407xx.o(.text)
    TIM5_IRQHandler                          0x080001bb   Thumb Code     0  startup_stm32f407xx.o(.text)
    TIM6_DAC_IRQHandler                      0x080001bb   Thumb Code     0  startup_stm32f407xx.o(.text)
    TIM7_IRQHandler                          0x080001bb   Thumb Code     0  startup_stm32f407xx.o(.text)
    TIM8_BRK_TIM12_IRQHandler                0x080001bb   Thumb Code     0  startup_stm32f407xx.o(.text)
    TIM8_CC_IRQHandler                       0x080001bb   Thumb Code     0  startup_stm32f407xx.o(.text)
    TIM8_TRG_COM_TIM14_IRQHandler            0x080001bb   Thumb Code     0  startup_stm32f407xx.o(.text)
    TIM8_UP_TIM13_IRQHandler                 0x080001bb   Thumb Code     0  startup_stm32f407xx.o(.text)
    UART4_IRQHandler                         0x080001bb   Thumb Code     0  startup_stm32f407xx.o(.text)
    UART5_IRQHandler                         0x080001bb   Thumb Code     0  startup_stm32f407xx.o(.text)
    USART1_IRQHandler                        0x080001bb   Thumb Code     0  startup_stm32f407xx.o(.text)
    USART2_IRQHandler                        0x080001bb   Thumb Code     0  startup_stm32f407xx.o(.text)
    USART3_IRQHandler                        0x080001bb   Thumb Code     0  startup_stm32f407xx.o(.text)
    USART6_IRQHandler                        0x080001bb   Thumb Code     0  startup_stm32f407xx.o(.text)
    WWDG_IRQHandler                          0x080001bb   Thumb Code     0  startup_stm32f407xx.o(.text)
    __aeabi_uldivmod                         0x080001c5   Thumb Code    98  uldiv.o(.text)
    __aeabi_memcpy                           0x08000227   Thumb Code    36  memcpya.o(.text)
    __aeabi_memcpy4                          0x08000227   Thumb Code     0  memcpya.o(.text)
    __aeabi_memcpy8                          0x08000227   Thumb Code     0  memcpya.o(.text)
    __aeabi_memset                           0x0800024b   Thumb Code    14  memseta.o(.text)
    __aeabi_memset4                          0x0800024b   Thumb Code     0  memseta.o(.text)
    __aeabi_memset8                          0x0800024b   Thumb Code     0  memseta.o(.text)
    __aeabi_memclr                           0x08000259   Thumb Code     4  memseta.o(.text)
    __aeabi_memclr4                          0x08000259   Thumb Code     0  memseta.o(.text)
    __aeabi_memclr8                          0x08000259   Thumb Code     0  memseta.o(.text)
    _memset$wrapper                          0x0800025d   Thumb Code    18  memseta.o(.text)
    __aeabi_dmul                             0x0800026f   Thumb Code   228  dmul.o(.text)
    __aeabi_ui2d                             0x08000353   Thumb Code    26  dfltui.o(.text)
    __aeabi_d2uiz                            0x0800036d   Thumb Code    50  dfixui.o(.text)
    __aeabi_llsl                             0x0800039f   Thumb Code    30  llshl.o(.text)
    _ll_shift_l                              0x0800039f   Thumb Code     0  llshl.o(.text)
    __aeabi_llsr                             0x080003bd   Thumb Code    32  llushr.o(.text)
    _ll_ushift_r                             0x080003bd   Thumb Code     0  llushr.o(.text)
    __I$use$fp                               0x080003dd   Thumb Code     0  iusefp.o(.text)
    _double_round                            0x080003dd   Thumb Code    30  depilogue.o(.text)
    _double_epilogue                         0x080003fb   Thumb Code   156  depilogue.o(.text)
    __scatterload                            0x08000499   Thumb Code    28  init.o(.text)
    __scatterload_rt2                        0x08000499   Thumb Code     0  init.o(.text)
    __decompress                             0x080004bd   Thumb Code     0  __dczerorl2.o(.text)
    __decompress1                            0x080004bd   Thumb Code    86  __dczerorl2.o(.text)
    BusFault_Handler                         0x08000513   Thumb Code     2  stm32f4xx_it.o(i.BusFault_Handler)
    DWT_Init                                 0x08000515   Thumb Code    32  delay.o(i.DWT_Init)
    DebugMon_Handler                         0x0800053d   Thumb Code     2  stm32f4xx_it.o(i.DebugMon_Handler)
    Error_Handler                            0x0800053f   Thumb Code     4  main.o(i.Error_Handler)
    FSMC_NORSRAM_Extended_Timing_Init        0x08000545   Thumb Code    60  stm32f4xx_ll_fsmc.o(i.FSMC_NORSRAM_Extended_Timing_Init)
    FSMC_NORSRAM_Init                        0x08000585   Thumb Code    80  stm32f4xx_ll_fsmc.o(i.FSMC_NORSRAM_Init)
    FSMC_NORSRAM_Timing_Init                 0x080005d9   Thumb Code    64  stm32f4xx_ll_fsmc.o(i.FSMC_NORSRAM_Timing_Init)
    HAL_Delay                                0x0800061d   Thumb Code    32  stm32f4xx_hal.o(i.HAL_Delay)
    HAL_GPIO_Init                            0x080006cd   Thumb Code   448  stm32f4xx_hal_gpio.o(i.HAL_GPIO_Init)
    HAL_GPIO_TogglePin                       0x080008b9   Thumb Code    16  stm32f4xx_hal_gpio.o(i.HAL_GPIO_TogglePin)
    HAL_GPIO_WritePin                        0x080008c9   Thumb Code    10  stm32f4xx_hal_gpio.o(i.HAL_GPIO_WritePin)
    HAL_GetREVID                             0x080008d5   Thumb Code     8  stm32f4xx_hal.o(i.HAL_GetREVID)
    HAL_GetTick                              0x080008e1   Thumb Code     6  stm32f4xx_hal.o(i.HAL_GetTick)
    HAL_IncTick                              0x080008ed   Thumb Code    12  stm32f4xx_hal.o(i.HAL_IncTick)
    HAL_Init                                 0x080008fd   Thumb Code    48  stm32f4xx_hal.o(i.HAL_Init)
    HAL_InitTick                             0x08000931   Thumb Code    54  stm32f4xx_hal.o(i.HAL_InitTick)
    HAL_MspInit                              0x08000971   Thumb Code    42  stm32f4xx_hal_msp.o(i.HAL_MspInit)
    HAL_NVIC_EnableIRQ                       0x080009a1   Thumb Code    26  stm32f4xx_hal_cortex.o(i.HAL_NVIC_EnableIRQ)
    HAL_NVIC_SetPriority                     0x080009bd   Thumb Code    60  stm32f4xx_hal_cortex.o(i.HAL_NVIC_SetPriority)
    HAL_NVIC_SetPriorityGrouping             0x080009fd   Thumb Code    26  stm32f4xx_hal_cortex.o(i.HAL_NVIC_SetPriorityGrouping)
    HAL_PCDEx_LPM_Callback                   0x08000a21   Thumb Code     2  stm32f4xx_hal_pcd_ex.o(i.HAL_PCDEx_LPM_Callback)
    HAL_PCDEx_SetRxFiFo                      0x08000a23   Thumb Code     8  stm32f4xx_hal_pcd_ex.o(i.HAL_PCDEx_SetRxFiFo)
    HAL_PCDEx_SetTxFiFo                      0x08000a2b   Thumb Code    68  stm32f4xx_hal_pcd_ex.o(i.HAL_PCDEx_SetTxFiFo)
    HAL_PCD_ConnectCallback                  0x08000a71   Thumb Code    14  usbd_conf.o(i.HAL_PCD_ConnectCallback)
    HAL_PCD_DataInStageCallback              0x08000a85   Thumb Code    18  usbd_conf.o(i.HAL_PCD_DataInStageCallback)
    HAL_PCD_DataOutStageCallback             0x08000a97   Thumb Code    20  usbd_conf.o(i.HAL_PCD_DataOutStageCallback)
    HAL_PCD_DisconnectCallback               0x08000aad   Thumb Code    28  usbd_conf.o(i.HAL_PCD_DisconnectCallback)
    HAL_PCD_EP_Close                         0x08000ae9   Thumb Code    76  stm32f4xx_hal_pcd.o(i.HAL_PCD_EP_Close)
    HAL_PCD_EP_ClrStall                      0x08000b35   Thumb Code    92  stm32f4xx_hal_pcd.o(i.HAL_PCD_EP_ClrStall)
    HAL_PCD_EP_Flush                         0x08000b91   Thumb Code    52  stm32f4xx_hal_pcd.o(i.HAL_PCD_EP_Flush)
    HAL_PCD_EP_GetRxCount                    0x08000bc5   Thumb Code    18  stm32f4xx_hal_pcd.o(i.HAL_PCD_EP_GetRxCount)
    HAL_PCD_EP_Open                          0x08000bd7   Thumb Code    96  stm32f4xx_hal_pcd.o(i.HAL_PCD_EP_Open)
    HAL_PCD_EP_Receive                       0x08000c37   Thumb Code    72  stm32f4xx_hal_pcd.o(i.HAL_PCD_EP_Receive)
    HAL_PCD_EP_SetStall                      0x08000c7f   Thumb Code   116  stm32f4xx_hal_pcd.o(i.HAL_PCD_EP_SetStall)
    HAL_PCD_EP_Transmit                      0x08000cf3   Thumb Code    64  stm32f4xx_hal_pcd.o(i.HAL_PCD_EP_Transmit)
    HAL_PCD_IRQHandler                       0x08000d35   Thumb Code  1070  stm32f4xx_hal_pcd.o(i.HAL_PCD_IRQHandler)
    HAL_PCD_ISOINIncompleteCallback          0x08001169   Thumb Code     8  usbd_conf.o(i.HAL_PCD_ISOINIncompleteCallback)
    HAL_PCD_ISOOUTIncompleteCallback         0x08001171   Thumb Code     8  usbd_conf.o(i.HAL_PCD_ISOOUTIncompleteCallback)
    HAL_PCD_Init                             0x08001179   Thumb Code   226  stm32f4xx_hal_pcd.o(i.HAL_PCD_Init)
    HAL_PCD_MspInit                          0x0800125d   Thumb Code   122  usbd_conf.o(i.HAL_PCD_MspInit)
    HAL_PCD_ResetCallback                    0x080012e1   Thumb Code    56  usbd_conf.o(i.HAL_PCD_ResetCallback)
    HAL_PCD_ResumeCallback                   0x0800136d   Thumb Code    22  usbd_conf.o(i.HAL_PCD_ResumeCallback)
    HAL_PCD_SOFCallback                      0x08001399   Thumb Code     8  usbd_conf.o(i.HAL_PCD_SOFCallback)
    HAL_PCD_SetAddress                       0x080013a1   Thumb Code    40  stm32f4xx_hal_pcd.o(i.HAL_PCD_SetAddress)
    HAL_PCD_SetupStageCallback               0x080013c9   Thumb Code    14  usbd_conf.o(i.HAL_PCD_SetupStageCallback)
    HAL_PCD_Start                            0x080013d7   Thumb Code    66  stm32f4xx_hal_pcd.o(i.HAL_PCD_Start)
    HAL_PCD_SuspendCallback                  0x08001419   Thumb Code    56  usbd_conf.o(i.HAL_PCD_SuspendCallback)
    HAL_RCC_ClockConfig                      0x08001475   Thumb Code   288  stm32f4xx_hal_rcc.o(i.HAL_RCC_ClockConfig)
    HAL_RCC_GetHCLKFreq                      0x080015a9   Thumb Code     6  stm32f4xx_hal_rcc.o(i.HAL_RCC_GetHCLKFreq)
    HAL_RCC_GetPCLK1Freq                     0x080015b5   Thumb Code    20  stm32f4xx_hal_rcc.o(i.HAL_RCC_GetPCLK1Freq)
    HAL_RCC_GetPCLK2Freq                     0x080015d5   Thumb Code    20  stm32f4xx_hal_rcc.o(i.HAL_RCC_GetPCLK2Freq)
    HAL_RCC_GetSysClockFreq                  0x080015f5   Thumb Code    88  stm32f4xx_hal_rcc.o(i.HAL_RCC_GetSysClockFreq)
    HAL_RCC_OscConfig                        0x08001655   Thumb Code   856  stm32f4xx_hal_rcc.o(i.HAL_RCC_OscConfig)
    HAL_SPI_Init                             0x080019c1   Thumb Code   188  stm32f4xx_hal_spi.o(i.HAL_SPI_Init)
    HAL_SPI_MspInit                          0x08001a7d   Thumb Code    92  spi.o(i.HAL_SPI_MspInit)
    HAL_SPI_TransmitReceive                  0x08001ae5   Thumb Code   482  stm32f4xx_hal_spi.o(i.HAL_SPI_TransmitReceive)
    HAL_SRAM_Init                            0x08001cc7   Thumb Code    86  stm32f4xx_hal_sram.o(i.HAL_SRAM_Init)
    HAL_SRAM_MspInit                         0x08001d1d   Thumb Code     4  fsmc.o(i.HAL_SRAM_MspInit)
    HAL_SYSTICK_Config                       0x08001d21   Thumb Code    40  stm32f4xx_hal_cortex.o(i.HAL_SYSTICK_Config)
    HAL_UART_Init                            0x08001d49   Thumb Code    98  stm32f4xx_hal_uart.o(i.HAL_UART_Init)
    HAL_UART_MspInit                         0x08001dad   Thumb Code    92  usart.o(i.HAL_UART_MspInit)
    HAL_UART_Transmit                        0x08001e15   Thumb Code   178  stm32f4xx_hal_uart.o(i.HAL_UART_Transmit)
    HardFault_Handler                        0x08001ec7   Thumb Code     2  stm32f4xx_it.o(i.HardFault_Handler)
    Key_Init                                 0x08001f01   Thumb Code    22  key_led.o(i.Key_Init)
    Led_Init                                 0x08001f1d   Thumb Code    22  key_led.o(i.Led_Init)
    Led_Off                                  0x08001f39   Thumb Code    26  key_led.o(i.Led_Off)
    Led_On                                   0x08001f59   Thumb Code    26  key_led.o(i.Led_On)
    Led_Toggle                               0x08001f79   Thumb Code    22  key_led.o(i.Led_Toggle)
    MSC_BOT_CplClrFeature                    0x080020a9   Thumb Code    60  usbd_msc_bot.o(i.MSC_BOT_CplClrFeature)
    MSC_BOT_DataIn                           0x080020e5   Thumb Code    64  usbd_msc_bot.o(i.MSC_BOT_DataIn)
    MSC_BOT_DataOut                          0x08002125   Thumb Code    64  usbd_msc_bot.o(i.MSC_BOT_DataOut)
    MSC_BOT_DeInit                           0x08002165   Thumb Code    14  usbd_msc_bot.o(i.MSC_BOT_DeInit)
    MSC_BOT_Init                             0x08002173   Thumb Code    80  usbd_msc_bot.o(i.MSC_BOT_Init)
    MSC_BOT_Reset                            0x080021c3   Thumb Code    58  usbd_msc_bot.o(i.MSC_BOT_Reset)
    MSC_BOT_SendCSW                          0x080021fd   Thumb Code    66  usbd_msc_bot.o(i.MSC_BOT_SendCSW)
    MX_FSMC_Init                             0x08002245   Thumb Code   132  fsmc.o(i.MX_FSMC_Init)
    MX_GPIO_Init                             0x080022d1   Thumb Code   248  gpio.o(i.MX_GPIO_Init)
    MX_SPI2_Init                             0x080023d9   Thumb Code    62  spi.o(i.MX_SPI2_Init)
    MX_USART1_UART_Init                      0x08002421   Thumb Code    48  usart.o(i.MX_USART1_UART_Init)
    MemManage_Handler                        0x08002459   Thumb Code     2  stm32f4xx_it.o(i.MemManage_Handler)
    NMI_Handler                              0x0800245b   Thumb Code     2  stm32f4xx_it.o(i.NMI_Handler)
    OTG_FS_IRQHandler                        0x0800245d   Thumb Code     6  usbd_conf.o(i.OTG_FS_IRQHandler)
    PendSV_Handler                           0x080025d7   Thumb Code     2  stm32f4xx_it.o(i.PendSV_Handler)
    SCSI_ProcessCmd                          0x08002675   Thumb Code   360  usbd_msc_scsi.o(i.SCSI_ProcessCmd)
    SCSI_SenseCode                           0x08002c79   Thumb Code    86  usbd_msc_scsi.o(i.SCSI_SenseCode)
    SVC_Handler                              0x08003091   Thumb Code     2  stm32f4xx_it.o(i.SVC_Handler)
    SysTick_Handler                          0x0800309d   Thumb Code     4  stm32f4xx_it.o(i.SysTick_Handler)
    SystemInit                               0x080030a1   Thumb Code    12  system_stm32f4xx.o(i.SystemInit)
    USBD_ClrClassConfig                      0x08003221   Thumb Code    16  usbd_core.o(i.USBD_ClrClassConfig)
    USBD_CtlContinueRx                       0x08003231   Thumb Code    16  usbd_ioreq.o(i.USBD_CtlContinueRx)
    USBD_CtlContinueSendData                 0x08003241   Thumb Code    16  usbd_ioreq.o(i.USBD_CtlContinueSendData)
    USBD_CtlError                            0x08003251   Thumb Code    22  usbd_ctlreq.o(i.USBD_CtlError)
    USBD_CtlReceiveStatus                    0x08003267   Thumb Code    22  usbd_ioreq.o(i.USBD_CtlReceiveStatus)
    USBD_CtlSendData                         0x0800327d   Thumb Code    26  usbd_ioreq.o(i.USBD_CtlSendData)
    USBD_CtlSendStatus                       0x08003297   Thumb Code    22  usbd_ioreq.o(i.USBD_CtlSendStatus)
    USBD_FS_ConfigStrDescriptor              0x080032ad   Thumb Code    16  usbd_desc.o(i.USBD_FS_ConfigStrDescriptor)
    USBD_FS_DeviceDescriptor                 0x080032cd   Thumb Code     8  usbd_desc.o(i.USBD_FS_DeviceDescriptor)
    USBD_FS_InterfaceStrDescriptor           0x080032d9   Thumb Code    16  usbd_desc.o(i.USBD_FS_InterfaceStrDescriptor)
    USBD_FS_LangIDStrDescriptor              0x080032fd   Thumb Code     8  usbd_desc.o(i.USBD_FS_LangIDStrDescriptor)
    USBD_FS_ManufacturerStrDescriptor        0x08003309   Thumb Code    16  usbd_desc.o(i.USBD_FS_ManufacturerStrDescriptor)
    USBD_FS_ProductStrDescriptor             0x08003331   Thumb Code    16  usbd_desc.o(i.USBD_FS_ProductStrDescriptor)
    USBD_FS_SerialStrDescriptor              0x08003359   Thumb Code    48  usbd_desc.o(i.USBD_FS_SerialStrDescriptor)
    USBD_GetString                           0x08003477   Thumb Code    72  usbd_ctlreq.o(i.USBD_GetString)
    USBD_Get_USB_Status                      0x080034bf   Thumb Code    24  usbd_conf.o(i.USBD_Get_USB_Status)
    USBD_Init                                0x080034d7   Thumb Code    38  usbd_core.o(i.USBD_Init)
    USBD_LL_ClearStallEP                     0x080034fd   Thumb Code    18  usbd_conf.o(i.USBD_LL_ClearStallEP)
    USBD_LL_CloseEP                          0x0800350f   Thumb Code    18  usbd_conf.o(i.USBD_LL_CloseEP)
    USBD_LL_DataInStage                      0x08003521   Thumb Code   168  usbd_core.o(i.USBD_LL_DataInStage)
    USBD_LL_DataOutStage                     0x080035c9   Thumb Code   108  usbd_core.o(i.USBD_LL_DataOutStage)
    USBD_LL_DevConnected                     0x08003635   Thumb Code     4  usbd_core.o(i.USBD_LL_DevConnected)
    USBD_LL_DevDisconnected                  0x08003639   Thumb Code    24  usbd_core.o(i.USBD_LL_DevDisconnected)
    USBD_LL_FlushEP                          0x08003651   Thumb Code    18  usbd_conf.o(i.USBD_LL_FlushEP)
    USBD_LL_GetRxDataSize                    0x08003663   Thumb Code     8  usbd_conf.o(i.USBD_LL_GetRxDataSize)
    USBD_LL_Init                             0x0800366d   Thumb Code    84  usbd_conf.o(i.USBD_LL_Init)
    USBD_LL_IsStallEP                        0x080036c5   Thumb Code    32  usbd_conf.o(i.USBD_LL_IsStallEP)
    USBD_LL_IsoINIncomplete                  0x080036e5   Thumb Code    32  usbd_core.o(i.USBD_LL_IsoINIncomplete)
    USBD_LL_IsoOUTIncomplete                 0x08003705   Thumb Code    32  usbd_core.o(i.USBD_LL_IsoOUTIncomplete)
    USBD_LL_OpenEP                           0x08003725   Thumb Code    24  usbd_conf.o(i.USBD_LL_OpenEP)
    USBD_LL_PrepareReceive                   0x0800373d   Thumb Code    18  usbd_conf.o(i.USBD_LL_PrepareReceive)
    USBD_LL_Reset                            0x0800374f   Thumb Code    90  usbd_core.o(i.USBD_LL_Reset)
    USBD_LL_Resume                           0x080037a9   Thumb Code    20  usbd_core.o(i.USBD_LL_Resume)
    USBD_LL_SOF                              0x080037bd   Thumb Code    32  usbd_core.o(i.USBD_LL_SOF)
    USBD_LL_SetSpeed                         0x080037dd   Thumb Code     6  usbd_core.o(i.USBD_LL_SetSpeed)
    USBD_LL_SetUSBAddress                    0x080037e5   Thumb Code    24  usbd_conf.o(i.USBD_LL_SetUSBAddress)
    USBD_LL_SetupStage                       0x08003801   Thumb Code    96  usbd_core.o(i.USBD_LL_SetupStage)
    USBD_LL_StallEP                          0x08003861   Thumb Code    18  usbd_conf.o(i.USBD_LL_StallEP)
    USBD_LL_Start                            0x08003873   Thumb Code    18  usbd_conf.o(i.USBD_LL_Start)
    USBD_LL_Suspend                          0x08003885   Thumb Code    18  usbd_core.o(i.USBD_LL_Suspend)
    USBD_LL_Transmit                         0x08003897   Thumb Code    18  usbd_conf.o(i.USBD_LL_Transmit)
    USBD_MSC_DataIn                          0x080038a9   Thumb Code    10  usbd_msc.o(i.USBD_MSC_DataIn)
    USBD_MSC_DataOut                         0x080038b3   Thumb Code    10  usbd_msc.o(i.USBD_MSC_DataOut)
    USBD_MSC_DeInit                          0x080038bd   Thumb Code    56  usbd_msc.o(i.USBD_MSC_DeInit)
    USBD_MSC_GetDeviceQualifierDescriptor    0x080038f5   Thumb Code     8  usbd_msc.o(i.USBD_MSC_GetDeviceQualifierDescriptor)
    USBD_MSC_GetFSCfgDesc                    0x08003901   Thumb Code     8  usbd_msc.o(i.USBD_MSC_GetFSCfgDesc)
    USBD_MSC_GetHSCfgDesc                    0x0800390d   Thumb Code     8  usbd_msc.o(i.USBD_MSC_GetHSCfgDesc)
    USBD_MSC_GetOtherSpeedCfgDesc            0x08003919   Thumb Code     8  usbd_msc.o(i.USBD_MSC_GetOtherSpeedCfgDesc)
    USBD_MSC_Init                            0x08003925   Thumb Code   100  usbd_msc.o(i.USBD_MSC_Init)
    USBD_MSC_RegisterStorage                 0x08003989   Thumb Code    14  usbd_msc.o(i.USBD_MSC_RegisterStorage)
    USBD_MSC_Setup                           0x08003997   Thumb Code   212  usbd_msc.o(i.USBD_MSC_Setup)
    USBD_ParseSetupRequest                   0x08003a6b   Thumb Code    44  usbd_ctlreq.o(i.USBD_ParseSetupRequest)
    USBD_RegisterClass                       0x08003a97   Thumb Code    36  usbd_core.o(i.USBD_RegisterClass)
    USBD_SetClassConfig                      0x08003abb   Thumb Code    20  usbd_core.o(i.USBD_SetClassConfig)
    USBD_Start                               0x08003b8d   Thumb Code     4  usbd_core.o(i.USBD_Start)
    USBD_StdDevReq                           0x08003b91   Thumb Code   276  usbd_ctlreq.o(i.USBD_StdDevReq)
    USBD_StdEPReq                            0x08003ca5   Thumb Code   320  usbd_ctlreq.o(i.USBD_StdEPReq)
    USBD_StdItfReq                           0x08003de5   Thumb Code    82  usbd_ctlreq.o(i.USBD_StdItfReq)
    USB_ActivateEndpoint                     0x08003e39   Thumb Code   122  stm32f4xx_ll_usb.o(i.USB_ActivateEndpoint)
    USB_ActivateSetup                        0x08003eb9   Thumb Code    28  stm32f4xx_ll_usb.o(i.USB_ActivateSetup)
    USB_CoreInit                             0x08003ed5   Thumb Code   112  stm32f4xx_ll_usb.o(i.USB_CoreInit)
    USB_DeactivateEndpoint                   0x08003f81   Thumb Code   194  stm32f4xx_ll_usb.o(i.USB_DeactivateEndpoint)
    USB_DevConnect                           0x0800404d   Thumb Code    28  stm32f4xx_ll_usb.o(i.USB_DevConnect)
    USB_DevDisconnect                        0x08004069   Thumb Code    28  stm32f4xx_ll_usb.o(i.USB_DevDisconnect)
    USB_DevInit                              0x08004085   Thumb Code   362  stm32f4xx_ll_usb.o(i.USB_DevInit)
    USB_DisableGlobalInt                     0x080041f9   Thumb Code    12  stm32f4xx_ll_usb.o(i.USB_DisableGlobalInt)
    USB_EP0StartXfer                         0x08004205   Thumb Code   276  stm32f4xx_ll_usb.o(i.USB_EP0StartXfer)
    USB_EP0_OutStart                         0x0800431d   Thumb Code    84  stm32f4xx_ll_usb.o(i.USB_EP0_OutStart)
    USB_EPClearStall                         0x08004375   Thumb Code    88  stm32f4xx_ll_usb.o(i.USB_EPClearStall)
    USB_EPSetStall                           0x080043cd   Thumb Code    88  stm32f4xx_ll_usb.o(i.USB_EPSetStall)
    USB_EPStartXfer                          0x08004425   Thumb Code   482  stm32f4xx_ll_usb.o(i.USB_EPStartXfer)
    USB_EnableGlobalInt                      0x0800460d   Thumb Code    12  stm32f4xx_ll_usb.o(i.USB_EnableGlobalInt)
    USB_FlushRxFifo                          0x08004619   Thumb Code    28  stm32f4xx_ll_usb.o(i.USB_FlushRxFifo)
    USB_FlushTxFifo                          0x08004639   Thumb Code    32  stm32f4xx_ll_usb.o(i.USB_FlushTxFifo)
    USB_GetDevSpeed                          0x0800465d   Thumb Code    26  stm32f4xx_ll_usb.o(i.USB_GetDevSpeed)
    USB_GetMode                              0x08004677   Thumb Code     8  stm32f4xx_ll_usb.o(i.USB_GetMode)
    USB_ReadDevAllInEpInterrupt              0x0800467f   Thumb Code    14  stm32f4xx_ll_usb.o(i.USB_ReadDevAllInEpInterrupt)
    USB_ReadDevAllOutEpInterrupt             0x0800468d   Thumb Code    14  stm32f4xx_ll_usb.o(i.USB_ReadDevAllOutEpInterrupt)
    USB_ReadDevInEPInterrupt                 0x0800469b   Thumb Code    36  stm32f4xx_ll_usb.o(i.USB_ReadDevInEPInterrupt)
    USB_ReadDevOutEPInterrupt                0x080046bf   Thumb Code    16  stm32f4xx_ll_usb.o(i.USB_ReadDevOutEPInterrupt)
    USB_ReadInterrupts                       0x080046cf   Thumb Code     8  stm32f4xx_ll_usb.o(i.USB_ReadInterrupts)
    USB_ReadPacket                           0x080046d7   Thumb Code    28  stm32f4xx_ll_usb.o(i.USB_ReadPacket)
    USB_SetCurrentMode                       0x080046f3   Thumb Code    46  stm32f4xx_ll_usb.o(i.USB_SetCurrentMode)
    USB_SetDevAddress                        0x08004721   Thumb Code    34  stm32f4xx_ll_usb.o(i.USB_SetDevAddress)
    USB_SetTurnaroundTime                    0x08004745   Thumb Code   158  stm32f4xx_ll_usb.o(i.USB_SetTurnaroundTime)
    USB_WritePacket                          0x0800482d   Thumb Code    36  stm32f4xx_ll_usb.o(i.USB_WritePacket)
    UsageFault_Handler                       0x08004851   Thumb Code     2  stm32f4xx_it.o(i.UsageFault_Handler)
    __0printf$bare                           0x08004855   Thumb Code     8  printfb.o(i.__0printf$bare)
    __1printf$bare                           0x08004855   Thumb Code     0  printfb.o(i.__0printf$bare)
    __2printf                                0x08004855   Thumb Code     0  printfb.o(i.__0printf$bare)
    __scatterload_copy                       0x08004885   Thumb Code    14  handlers.o(i.__scatterload_copy)
    __scatterload_null                       0x08004893   Thumb Code     2  handlers.o(i.__scatterload_null)
    __scatterload_zeroinit                   0x08004895   Thumb Code    14  handlers.o(i.__scatterload_zeroinit)
    delay_us                                 0x080048c5   Thumb Code    32  delay.o(i.delay_us)
    fputc                                    0x080048f1   Thumb Code    20  usart.o(i.fputc)
    lcd_clear                                0x08004909   Thumb Code    40  lcd.o(i.lcd_clear)
    lcd_display_dir                          0x08004939   Thumb Code   230  lcd.o(i.lcd_display_dir)
    lcd_draw_point                           0x08004a25   Thumb Code    18  lcd.o(i.lcd_draw_point)
    lcd_ex_ili9341_reginit                   0x08004a3d   Thumb Code   558  lcd.o(i.lcd_ex_ili9341_reginit)
    lcd_ex_ili9806_reginit                   0x08004c6b   Thumb Code   834  lcd.o(i.lcd_ex_ili9806_reginit)
    lcd_ex_nt35310_reginit                   0x08004fad   Thumb Code  3828  lcd.o(i.lcd_ex_nt35310_reginit)
    lcd_ex_nt35510_reginit                   0x08005ea1   Thumb Code  3834  lcd.o(i.lcd_ex_nt35510_reginit)
    lcd_ex_ssd1963_reginit                   0x08006d9b   Thumb Code   368  lcd.o(i.lcd_ex_ssd1963_reginit)
    lcd_ex_st7789_reginit                    0x08006f0b   Thumb Code   426  lcd.o(i.lcd_ex_st7789_reginit)
    lcd_ex_st7796_reginit                    0x080070b5   Thumb Code   450  lcd.o(i.lcd_ex_st7796_reginit)
    lcd_fill                                 0x08007279   Thumb Code    68  lcd.o(i.lcd_fill)
    lcd_init                                 0x080072c1   Thumb Code   524  lcd.o(i.lcd_init)
    lcd_scan_dir                             0x080074f1   Thumb Code   384  lcd.o(i.lcd_scan_dir)
    lcd_set_cursor                           0x08007675   Thumb Code   238  lcd.o(i.lcd_set_cursor)
    lcd_show_char                            0x08007769   Thumb Code   196  lcd.o(i.lcd_show_char)
    lcd_show_string                          0x08007845   Thumb Code    86  lcd.o(i.lcd_show_string)
    lcd_ssd_backlight_set                    0x0800789d   Thumb Code    72  lcd.o(i.lcd_ssd_backlight_set)
    lcd_wr_data                              0x080078ed   Thumb Code    20  lcd.o(i.lcd_wr_data)
    lcd_wr_regno                             0x08007905   Thumb Code    20  lcd.o(i.lcd_wr_regno)
    lcd_write_ram_prepare                    0x0800791d   Thumb Code    10  lcd.o(i.lcd_write_ram_prepare)
    lcd_write_reg                            0x08007931   Thumb Code    10  lcd.o(i.lcd_write_reg)
    main                                     0x08007941   Thumb Code   538  main.o(i.main)
    my_mem_free                              0x08007c2d   Thumb Code    78  malloc.o(i.my_mem_free)
    my_mem_init                              0x08007c85   Thumb Code    34  malloc.o(i.my_mem_init)
    my_mem_malloc                            0x08007cb1   Thumb Code   136  malloc.o(i.my_mem_malloc)
    my_mem_perused                           0x08007d41   Thumb Code    50  malloc.o(i.my_mem_perused)
    my_mem_set                               0x08007d7d   Thumb Code    14  malloc.o(i.my_mem_set)
    myfree                                   0x08007d8d   Thumb Code    20  malloc.o(i.myfree)
    mymalloc                                 0x08007da5   Thumb Code    28  malloc.o(i.mymalloc)
    norflash_erase_sector                    0x08007dc5   Thumb Code    54  norflash.o(i.norflash_erase_sector)
    norflash_init                            0x08007e01   Thumb Code    88  norflash.o(i.norflash_init)
    norflash_read                            0x08007e61   Thumb Code    68  norflash.o(i.norflash_read)
    norflash_read_id                         0x08007ea9   Thumb Code    68  norflash.o(i.norflash_read_id)
    norflash_read_sr                         0x08007ef1   Thumb Code    64  norflash.o(i.norflash_read_sr)
    norflash_write                           0x08007f79   Thumb Code   152  norflash.o(i.norflash_write)
    norflash_write_enable                    0x08008015   Thumb Code    34  norflash.o(i.norflash_write_enable)
    norflash_write_sr                        0x080080b9   Thumb Code    64  norflash.o(i.norflash_write_sr)
    spi2_read_write_byte                     0x080080fd   Thumb Code    28  norflash.o(i.spi2_read_write_byte)
    sys_stm32_clock_init                     0x0800811d   Thumb Code   136  main.o(i.sys_stm32_clock_init)
    AHBPrescTable                            0x080081b0   Data          16  system_stm32f4xx.o(.constdata)
    APBPrescTable                            0x080081c0   Data           8  system_stm32f4xx.o(.constdata)
    asc2_1206                                0x080081c8   Data        1140  lcd.o(.constdata)
    asc2_1608                                0x0800863c   Data        1520  lcd.o(.constdata)
    asc2_2412                                0x08008c2c   Data        3420  lcd.o(.constdata)
    asc2_3216                                0x08009988   Data        6080  lcd.o(.constdata)
    memtblsize                               0x0800b148   Data           8  malloc.o(.constdata)
    memblksize                               0x0800b150   Data           8  malloc.o(.constdata)
    memsize                                  0x0800b158   Data           8  malloc.o(.constdata)
    STORAGE_Inquirydata_FS                   0x0800b160   Data          36  usbd_storage.o(.constdata)
    Region$$Table$$Base                      0x0800b184   Number         0  anon$$obj.o(Region$$Table)
    Region$$Table$$Limit                     0x0800b1c4   Number         0  anon$$obj.o(Region$$Table)
    uwTickFreq                               0x20000000   Data           1  stm32f4xx_hal.o(.data)
    uwTickPrio                               0x20000004   Data           4  stm32f4xx_hal.o(.data)
    uwTick                                   0x20000008   Data           4  stm32f4xx_hal.o(.data)
    SystemCoreClock                          0x2000000c   Data           4  system_stm32f4xx.o(.data)
    USBD_MSC                                 0x20000010   Data          56  usbd_msc.o(.data)
    MSC_Page80_Inquiry_Data                  0x20000048   Data           8  usbd_msc_data.o(.data)
    MSC_Mode_Sense10_data                    0x20000050   Data          27  usbd_msc_data.o(.data)
    g_usb_state_reg                          0x2000006b   Data           1  usbd_storage.o(.data)
    USBD_Storage_Interface_fops_FS           0x2000006c   Data          32  usbd_storage.o(.data)
    __stdout                                 0x2000008c   Data           4  stdout.o(.data)
    USBD_Device                              0x20000090   Data         720  main.o(.bss)
    huart1                                   0x20000360   Data          68  usart.o(.bss)
    lcddev                                   0x200003a4   Data          14  lcd.o(.bss)
    g_norflash_buf                           0x200003b2   Data        4096  norflash.o(.bss)
    g_back_color                             0x2001c008   Data           4  lcd.o(.data)
    g_norflash_type                          0x2001c00c   Data           2  norflash.o(.data)
    mallco_dev                               0x2001c010   Data          28  malloc.o(.data)
    MSC_Page00_Inquiry_Data                  0x2001c09a   Data           6  usbd_msc_data.o(.data)
    MSC_Mode_Sense6_data                     0x2001c0a0   Data          23  usbd_msc_data.o(.data)
    g_device_state                           0x2001c0b7   Data           1  usbd_conf.o(.data)
    FS_Desc                                  0x2001c0b8   Data          28  usbd_desc.o(.data)
    USBD_LangIDDesc                          0x2001c0d4   Data           4  usbd_desc.o(.data)
    USBD_FS_DeviceDesc                       0x2001c0d8   Data          18  usbd_desc.o(.data)
    USBD_StringSerial                        0x2001c0ec   Data          26  usbd_desc.o(.data)
    hsram4                                   0x2001c108   Data          80  fsmc.o(.bss)
    hspi2                                    0x2001c158   Data          88  spi.o(.bss)
    g_pcd_usb_otg_fs                         0x2001dab0   Data        1032  usbd_conf.o(.bss)
    USBD_StrDesc                             0x2001deb8   Data         256  usbd_desc.o(.bss)
    __initial_sp                             0x2001e3b8   Data           0  startup_stm32f407xx.o(STACK)



==============================================================================

Memory Map of the image

  Image Entry point : 0x08000189

  Load Region LR_IROM1 (Base: 0x08000000, Size: 0x0000b35c, Max: 0x00100000, ABSOLUTE)

    Execution Region ER_IROM1 (Exec base: 0x08000000, Load base: 0x08000000, Size: 0x0000b1c4, Max: 0x00100000, ABSOLUTE)

    Exec Addr    Load Addr    Size         Type   Attr      Idx    E Section Name        Object

    0x08000000   0x08000000   0x00000188   Data   RO            3    RESET               startup_stm32f407xx.o
    0x08000188   0x08000188   0x00000000   Code   RO         4632  * .ARM.Collect$$$$00000000  mc_w.l(entry.o)
    0x08000188   0x08000188   0x00000004   Code   RO         4909    .ARM.Collect$$$$00000001  mc_w.l(entry2.o)
    0x0800018c   0x0800018c   0x00000004   Code   RO         4912    .ARM.Collect$$$$00000004  mc_w.l(entry5.o)
    0x08000190   0x08000190   0x00000000   Code   RO         4914    .ARM.Collect$$$$00000008  mc_w.l(entry7b.o)
    0x08000190   0x08000190   0x00000000   Code   RO         4916    .ARM.Collect$$$$0000000A  mc_w.l(entry8b.o)
    0x08000190   0x08000190   0x00000008   Code   RO         4917    .ARM.Collect$$$$0000000B  mc_w.l(entry9a.o)
    0x08000198   0x08000198   0x00000004   Code   RO         4924    .ARM.Collect$$$$0000000E  mc_w.l(entry12b.o)
    0x0800019c   0x0800019c   0x00000000   Code   RO         4919    .ARM.Collect$$$$0000000F  mc_w.l(entry10a.o)
    0x0800019c   0x0800019c   0x00000000   Code   RO         4921    .ARM.Collect$$$$00000011  mc_w.l(entry11a.o)
    0x0800019c   0x0800019c   0x00000004   Code   RO         4910    .ARM.Collect$$$$00002712  mc_w.l(entry2.o)
    0x080001a0   0x080001a0   0x00000024   Code   RO            4    .text               startup_stm32f407xx.o
    0x080001c4   0x080001c4   0x00000062   Code   RO         4635    .text               mc_w.l(uldiv.o)
    0x08000226   0x08000226   0x00000024   Code   RO         4637    .text               mc_w.l(memcpya.o)
    0x0800024a   0x0800024a   0x00000024   Code   RO         4639    .text               mc_w.l(memseta.o)
    0x0800026e   0x0800026e   0x000000e4   Code   RO         4903    .text               mf_w.l(dmul.o)
    0x08000352   0x08000352   0x0000001a   Code   RO         4905    .text               mf_w.l(dfltui.o)
    0x0800036c   0x0800036c   0x00000032   Code   RO         4907    .text               mf_w.l(dfixui.o)
    0x0800039e   0x0800039e   0x0000001e   Code   RO         4928    .text               mc_w.l(llshl.o)
    0x080003bc   0x080003bc   0x00000020   Code   RO         4930    .text               mc_w.l(llushr.o)
    0x080003dc   0x080003dc   0x00000000   Code   RO         4932    .text               mc_w.l(iusefp.o)
    0x080003dc   0x080003dc   0x000000ba   Code   RO         4933    .text               mf_w.l(depilogue.o)
    0x08000496   0x08000496   0x00000002   PAD
    0x08000498   0x08000498   0x00000024   Code   RO         4943    .text               mc_w.l(init.o)
    0x080004bc   0x080004bc   0x00000056   Code   RO         4955    .text               mc_w.l(__dczerorl2.o)
    0x08000512   0x08000512   0x00000002   Code   RO          408    i.BusFault_Handler  stm32f4xx_it.o
    0x08000514   0x08000514   0x00000028   Code   RO         3222    i.DWT_Init          delay.o
    0x0800053c   0x0800053c   0x00000002   Code   RO          409    i.DebugMon_Handler  stm32f4xx_it.o
    0x0800053e   0x0800053e   0x00000004   Code   RO           13    i.Error_Handler     main.o
    0x08000542   0x08000542   0x00000002   PAD
    0x08000544   0x08000544   0x00000040   Code   RO          515    i.FSMC_NORSRAM_Extended_Timing_Init  stm32f4xx_ll_fsmc.o
    0x08000584   0x08000584   0x00000054   Code   RO          516    i.FSMC_NORSRAM_Init  stm32f4xx_ll_fsmc.o
    0x080005d8   0x080005d8   0x00000044   Code   RO          517    i.FSMC_NORSRAM_Timing_Init  stm32f4xx_ll_fsmc.o
    0x0800061c   0x0800061c   0x00000024   Code   RO         1688    i.HAL_Delay         stm32f4xx_hal.o
    0x08000640   0x08000640   0x0000008c   Code   RO          270    i.HAL_FSMC_MspInit  fsmc.o
    0x080006cc   0x080006cc   0x000001ec   Code   RO         1162    i.HAL_GPIO_Init     stm32f4xx_hal_gpio.o
    0x080008b8   0x080008b8   0x00000010   Code   RO         1165    i.HAL_GPIO_TogglePin  stm32f4xx_hal_gpio.o
    0x080008c8   0x080008c8   0x0000000a   Code   RO         1166    i.HAL_GPIO_WritePin  stm32f4xx_hal_gpio.o
    0x080008d2   0x080008d2   0x00000002   PAD
    0x080008d4   0x080008d4   0x0000000c   Code   RO         1693    i.HAL_GetREVID      stm32f4xx_hal.o
    0x080008e0   0x080008e0   0x0000000c   Code   RO         1694    i.HAL_GetTick       stm32f4xx_hal.o
    0x080008ec   0x080008ec   0x00000010   Code   RO         1700    i.HAL_IncTick       stm32f4xx_hal.o
    0x080008fc   0x080008fc   0x00000034   Code   RO         1701    i.HAL_Init          stm32f4xx_hal.o
    0x08000930   0x08000930   0x00000040   Code   RO         1702    i.HAL_InitTick      stm32f4xx_hal.o
    0x08000970   0x08000970   0x00000030   Code   RO          483    i.HAL_MspInit       stm32f4xx_hal_msp.o
    0x080009a0   0x080009a0   0x0000001a   Code   RO         1551    i.HAL_NVIC_EnableIRQ  stm32f4xx_hal_cortex.o
    0x080009ba   0x080009ba   0x00000002   PAD
    0x080009bc   0x080009bc   0x00000040   Code   RO         1557    i.HAL_NVIC_SetPriority  stm32f4xx_hal_cortex.o
    0x080009fc   0x080009fc   0x00000024   Code   RO         1558    i.HAL_NVIC_SetPriorityGrouping  stm32f4xx_hal_cortex.o
    0x08000a20   0x08000a20   0x00000002   Code   RO         2845    i.HAL_PCDEx_LPM_Callback  stm32f4xx_hal_pcd_ex.o
    0x08000a22   0x08000a22   0x00000008   Code   RO         2846    i.HAL_PCDEx_SetRxFiFo  stm32f4xx_hal_pcd_ex.o
    0x08000a2a   0x08000a2a   0x00000044   Code   RO         2847    i.HAL_PCDEx_SetTxFiFo  stm32f4xx_hal_pcd_ex.o
    0x08000a6e   0x08000a6e   0x00000002   PAD
    0x08000a70   0x08000a70   0x00000014   Code   RO         4296    i.HAL_PCD_ConnectCallback  usbd_conf.o
    0x08000a84   0x08000a84   0x00000012   Code   RO         4297    i.HAL_PCD_DataInStageCallback  usbd_conf.o
    0x08000a96   0x08000a96   0x00000014   Code   RO         4298    i.HAL_PCD_DataOutStageCallback  usbd_conf.o
    0x08000aaa   0x08000aaa   0x00000002   PAD
    0x08000aac   0x08000aac   0x0000003c   Code   RO         4299    i.HAL_PCD_DisconnectCallback  usbd_conf.o
    0x08000ae8   0x08000ae8   0x0000004c   Code   RO         2627    i.HAL_PCD_EP_Close  stm32f4xx_hal_pcd.o
    0x08000b34   0x08000b34   0x0000005c   Code   RO         2628    i.HAL_PCD_EP_ClrStall  stm32f4xx_hal_pcd.o
    0x08000b90   0x08000b90   0x00000034   Code   RO         2629    i.HAL_PCD_EP_Flush  stm32f4xx_hal_pcd.o
    0x08000bc4   0x08000bc4   0x00000012   Code   RO         2630    i.HAL_PCD_EP_GetRxCount  stm32f4xx_hal_pcd.o
    0x08000bd6   0x08000bd6   0x00000060   Code   RO         2631    i.HAL_PCD_EP_Open   stm32f4xx_hal_pcd.o
    0x08000c36   0x08000c36   0x00000048   Code   RO         2632    i.HAL_PCD_EP_Receive  stm32f4xx_hal_pcd.o
    0x08000c7e   0x08000c7e   0x00000074   Code   RO         2633    i.HAL_PCD_EP_SetStall  stm32f4xx_hal_pcd.o
    0x08000cf2   0x08000cf2   0x00000040   Code   RO         2634    i.HAL_PCD_EP_Transmit  stm32f4xx_hal_pcd.o
    0x08000d32   0x08000d32   0x00000002   PAD
    0x08000d34   0x08000d34   0x00000434   Code   RO         2636    i.HAL_PCD_IRQHandler  stm32f4xx_hal_pcd.o
    0x08001168   0x08001168   0x00000008   Code   RO         4300    i.HAL_PCD_ISOINIncompleteCallback  usbd_conf.o
    0x08001170   0x08001170   0x00000008   Code   RO         4301    i.HAL_PCD_ISOOUTIncompleteCallback  usbd_conf.o
    0x08001178   0x08001178   0x000000e2   Code   RO         2639    i.HAL_PCD_Init      stm32f4xx_hal_pcd.o
    0x0800125a   0x0800125a   0x00000002   PAD
    0x0800125c   0x0800125c   0x00000084   Code   RO         4303    i.HAL_PCD_MspInit   usbd_conf.o
    0x080012e0   0x080012e0   0x0000008c   Code   RO         4304    i.HAL_PCD_ResetCallback  usbd_conf.o
    0x0800136c   0x0800136c   0x0000002c   Code   RO         4305    i.HAL_PCD_ResumeCallback  usbd_conf.o
    0x08001398   0x08001398   0x00000008   Code   RO         4306    i.HAL_PCD_SOFCallback  usbd_conf.o
    0x080013a0   0x080013a0   0x00000028   Code   RO         2645    i.HAL_PCD_SetAddress  stm32f4xx_hal_pcd.o
    0x080013c8   0x080013c8   0x0000000e   Code   RO         4307    i.HAL_PCD_SetupStageCallback  usbd_conf.o
    0x080013d6   0x080013d6   0x00000042   Code   RO         2647    i.HAL_PCD_Start     stm32f4xx_hal_pcd.o
    0x08001418   0x08001418   0x0000005c   Code   RO         4308    i.HAL_PCD_SuspendCallback  usbd_conf.o
    0x08001474   0x08001474   0x00000134   Code   RO          808    i.HAL_RCC_ClockConfig  stm32f4xx_hal_rcc.o
    0x080015a8   0x080015a8   0x0000000c   Code   RO          813    i.HAL_RCC_GetHCLKFreq  stm32f4xx_hal_rcc.o
    0x080015b4   0x080015b4   0x00000020   Code   RO          815    i.HAL_RCC_GetPCLK1Freq  stm32f4xx_hal_rcc.o
    0x080015d4   0x080015d4   0x00000020   Code   RO          816    i.HAL_RCC_GetPCLK2Freq  stm32f4xx_hal_rcc.o
    0x080015f4   0x080015f4   0x00000060   Code   RO          817    i.HAL_RCC_GetSysClockFreq  stm32f4xx_hal_rcc.o
    0x08001654   0x08001654   0x0000036c   Code   RO          820    i.HAL_RCC_OscConfig  stm32f4xx_hal_rcc.o
    0x080019c0   0x080019c0   0x000000bc   Code   RO         1950    i.HAL_SPI_Init      stm32f4xx_hal_spi.o
    0x08001a7c   0x08001a7c   0x00000068   Code   RO          319    i.HAL_SPI_MspInit   spi.o
    0x08001ae4   0x08001ae4   0x000001e2   Code   RO         1959    i.HAL_SPI_TransmitReceive  stm32f4xx_hal_spi.o
    0x08001cc6   0x08001cc6   0x00000056   Code   RO          655    i.HAL_SRAM_Init     stm32f4xx_hal_sram.o
    0x08001d1c   0x08001d1c   0x00000004   Code   RO          272    i.HAL_SRAM_MspInit  fsmc.o
    0x08001d20   0x08001d20   0x00000028   Code   RO         1562    i.HAL_SYSTICK_Config  stm32f4xx_hal_cortex.o
    0x08001d48   0x08001d48   0x00000062   Code   RO         2290    i.HAL_UART_Init     stm32f4xx_hal_uart.o
    0x08001daa   0x08001daa   0x00000002   PAD
    0x08001dac   0x08001dac   0x00000068   Code   RO          361    i.HAL_UART_MspInit  usart.o
    0x08001e14   0x08001e14   0x000000b2   Code   RO         2298    i.HAL_UART_Transmit  stm32f4xx_hal_uart.o
    0x08001ec6   0x08001ec6   0x00000002   Code   RO          410    i.HardFault_Handler  stm32f4xx_it.o
    0x08001ec8   0x08001ec8   0x00000038   Code   RO         4501    i.IntToUnicode      usbd_desc.o
    0x08001f00   0x08001f00   0x0000001c   Code   RO         3258    i.Key_Init          key_led.o
    0x08001f1c   0x08001f1c   0x0000001c   Code   RO         3260    i.Led_Init          key_led.o
    0x08001f38   0x08001f38   0x00000020   Code   RO         3261    i.Led_Off           key_led.o
    0x08001f58   0x08001f58   0x00000020   Code   RO         3262    i.Led_On            key_led.o
    0x08001f78   0x08001f78   0x0000001c   Code   RO         3263    i.Led_Toggle        key_led.o
    0x08001f94   0x08001f94   0x00000048   Code   RO         4095    i.MSC_BOT_Abort     usbd_msc_bot.o
    0x08001fdc   0x08001fdc   0x000000cc   Code   RO         4096    i.MSC_BOT_CBW_Decode  usbd_msc_bot.o
    0x080020a8   0x080020a8   0x0000003c   Code   RO         4097    i.MSC_BOT_CplClrFeature  usbd_msc_bot.o
    0x080020e4   0x080020e4   0x00000040   Code   RO         4098    i.MSC_BOT_DataIn    usbd_msc_bot.o
    0x08002124   0x08002124   0x00000040   Code   RO         4099    i.MSC_BOT_DataOut   usbd_msc_bot.o
    0x08002164   0x08002164   0x0000000e   Code   RO         4100    i.MSC_BOT_DeInit    usbd_msc_bot.o
    0x08002172   0x08002172   0x00000050   Code   RO         4101    i.MSC_BOT_Init      usbd_msc_bot.o
    0x080021c2   0x080021c2   0x0000003a   Code   RO         4102    i.MSC_BOT_Reset     usbd_msc_bot.o
    0x080021fc   0x080021fc   0x00000048   Code   RO         4103    i.MSC_BOT_SendCSW   usbd_msc_bot.o
    0x08002244   0x08002244   0x0000008c   Code   RO          273    i.MX_FSMC_Init      fsmc.o
    0x080022d0   0x080022d0   0x00000108   Code   RO          246    i.MX_GPIO_Init      gpio.o
    0x080023d8   0x080023d8   0x00000048   Code   RO          320    i.MX_SPI2_Init      spi.o
    0x08002420   0x08002420   0x00000038   Code   RO          362    i.MX_USART1_UART_Init  usart.o
    0x08002458   0x08002458   0x00000002   Code   RO          411    i.MemManage_Handler  stm32f4xx_it.o
    0x0800245a   0x0800245a   0x00000002   Code   RO          412    i.NMI_Handler       stm32f4xx_it.o
    0x0800245c   0x0800245c   0x0000000c   Code   RO         4309    i.OTG_FS_IRQHandler  usbd_conf.o
    0x08002468   0x08002468   0x000000cc   Code   RO         2651    i.PCD_EP_OutXfrComplete_int  stm32f4xx_hal_pcd.o
    0x08002534   0x08002534   0x000000a2   Code   RO         2652    i.PCD_WriteEmptyTxFifo  stm32f4xx_hal_pcd.o
    0x080025d6   0x080025d6   0x00000002   Code   RO          413    i.PendSV_Handler    stm32f4xx_it.o
    0x080025d8   0x080025d8   0x00000028   Code   RO         4192    i.SCSI_CheckAddressRange  usbd_msc_scsi.o
    0x08002600   0x08002600   0x00000074   Code   RO         4193    i.SCSI_Inquiry      usbd_msc_scsi.o
    0x08002674   0x08002674   0x00000170   Code   RO         4194    i.SCSI_ProcessCmd   usbd_msc_scsi.o
    0x080027e4   0x080027e4   0x0000008e   Code   RO         4195    i.SCSI_ProcessRead  usbd_msc_scsi.o
    0x08002872   0x08002872   0x00000098   Code   RO         4196    i.SCSI_ProcessWrite  usbd_msc_scsi.o
    0x0800290a   0x0800290a   0x000000a4   Code   RO         4197    i.SCSI_Read10       usbd_msc_scsi.o
    0x080029ae   0x080029ae   0x000000ae   Code   RO         4198    i.SCSI_Read12       usbd_msc_scsi.o
    0x08002a5c   0x08002a5c   0x00000074   Code   RO         4199    i.SCSI_ReadCapacity10  usbd_msc_scsi.o
    0x08002ad0   0x08002ad0   0x000000a8   Code   RO         4200    i.SCSI_ReadCapacity16  usbd_msc_scsi.o
    0x08002b78   0x08002b78   0x00000080   Code   RO         4201    i.SCSI_ReadFormatCapacity  usbd_msc_scsi.o
    0x08002bf8   0x08002bf8   0x00000080   Code   RO         4202    i.SCSI_RequestSense  usbd_msc_scsi.o
    0x08002c78   0x08002c78   0x00000056   Code   RO         4203    i.SCSI_SenseCode    usbd_msc_scsi.o
    0x08002cce   0x08002cce   0x00000058   Code   RO         4204    i.SCSI_TestUnitReady  usbd_msc_scsi.o
    0x08002d26   0x08002d26   0x00000020   Code   RO         4205    i.SCSI_UpdateBotData  usbd_msc_scsi.o
    0x08002d46   0x08002d46   0x000000bc   Code   RO         4206    i.SCSI_Write10      usbd_msc_scsi.o
    0x08002e02   0x08002e02   0x000000d2   Code   RO         4207    i.SCSI_Write12      usbd_msc_scsi.o
    0x08002ed4   0x08002ed4   0x00000058   Code   RO         1988    i.SPI_EndRxTxTransaction  stm32f4xx_hal_spi.o
    0x08002f2c   0x08002f2c   0x000000b8   Code   RO         1993    i.SPI_WaitFlagStateUntilTimeout  stm32f4xx_hal_spi.o
    0x08002fe4   0x08002fe4   0x00000016   Code   RO         4574    i.STORAGE_GetCapacity_FS  usbd_storage.o
    0x08002ffa   0x08002ffa   0x00000004   Code   RO         4575    i.STORAGE_GetMaxLun_FS  usbd_storage.o
    0x08002ffe   0x08002ffe   0x00000010   Code   RO         4576    i.STORAGE_Init_FS   usbd_storage.o
    0x0800300e   0x0800300e   0x00000002   PAD
    0x08003010   0x08003010   0x00000018   Code   RO         4577    i.STORAGE_IsReady_FS  usbd_storage.o
    0x08003028   0x08003028   0x00000008   Code   RO         4578    i.STORAGE_IsWriteProtected_FS  usbd_storage.o
    0x08003030   0x08003030   0x00000030   Code   RO         4579    i.STORAGE_Read_FS   usbd_storage.o
    0x08003060   0x08003060   0x00000030   Code   RO         4580    i.STORAGE_Write_FS  usbd_storage.o
    0x08003090   0x08003090   0x00000002   Code   RO          414    i.SVC_Handler       stm32f4xx_it.o
    0x08003092   0x08003092   0x0000000a   Code   RO         3877    i.SWAPBYTE          usbd_ctlreq.o
    0x0800309c   0x0800309c   0x00000004   Code   RO          415    i.SysTick_Handler   stm32f4xx_it.o
    0x080030a0   0x080030a0   0x00000010   Code   RO         3185    i.SystemInit        system_stm32f4xx.o
    0x080030b0   0x080030b0   0x0000010c   Code   RO         2316    i.UART_SetConfig    stm32f4xx_hal_uart.o
    0x080031bc   0x080031bc   0x00000064   Code   RO         2319    i.UART_WaitOnFlagUntilTimeout  stm32f4xx_hal_uart.o
    0x08003220   0x08003220   0x00000010   Code   RO         3726    i.USBD_ClrClassConfig  usbd_core.o
    0x08003230   0x08003230   0x00000010   Code   RO         3950    i.USBD_CtlContinueRx  usbd_ioreq.o
    0x08003240   0x08003240   0x00000010   Code   RO         3951    i.USBD_CtlContinueSendData  usbd_ioreq.o
    0x08003250   0x08003250   0x00000016   Code   RO         3878    i.USBD_CtlError     usbd_ctlreq.o
    0x08003266   0x08003266   0x00000016   Code   RO         3953    i.USBD_CtlReceiveStatus  usbd_ioreq.o
    0x0800327c   0x0800327c   0x0000001a   Code   RO         3954    i.USBD_CtlSendData  usbd_ioreq.o
    0x08003296   0x08003296   0x00000016   Code   RO         3955    i.USBD_CtlSendStatus  usbd_ioreq.o
    0x080032ac   0x080032ac   0x00000020   Code   RO         4502    i.USBD_FS_ConfigStrDescriptor  usbd_desc.o
    0x080032cc   0x080032cc   0x0000000c   Code   RO         4503    i.USBD_FS_DeviceDescriptor  usbd_desc.o
    0x080032d8   0x080032d8   0x00000024   Code   RO         4504    i.USBD_FS_InterfaceStrDescriptor  usbd_desc.o
    0x080032fc   0x080032fc   0x0000000c   Code   RO         4505    i.USBD_FS_LangIDStrDescriptor  usbd_desc.o
    0x08003308   0x08003308   0x00000028   Code   RO         4506    i.USBD_FS_ManufacturerStrDescriptor  usbd_desc.o
    0x08003330   0x08003330   0x00000028   Code   RO         4507    i.USBD_FS_ProductStrDescriptor  usbd_desc.o
    0x08003358   0x08003358   0x00000038   Code   RO         4508    i.USBD_FS_SerialStrDescriptor  usbd_desc.o
    0x08003390   0x08003390   0x000000e6   Code   RO         3879    i.USBD_GetDescriptor  usbd_ctlreq.o
    0x08003476   0x08003476   0x00000048   Code   RO         3880    i.USBD_GetString    usbd_ctlreq.o
    0x080034be   0x080034be   0x00000018   Code   RO         4310    i.USBD_Get_USB_Status  usbd_conf.o
    0x080034d6   0x080034d6   0x00000026   Code   RO         3728    i.USBD_Init         usbd_core.o
    0x080034fc   0x080034fc   0x00000012   Code   RO         4311    i.USBD_LL_ClearStallEP  usbd_conf.o
    0x0800350e   0x0800350e   0x00000012   Code   RO         4312    i.USBD_LL_CloseEP   usbd_conf.o
    0x08003520   0x08003520   0x000000a8   Code   RO         3729    i.USBD_LL_DataInStage  usbd_core.o
    0x080035c8   0x080035c8   0x0000006c   Code   RO         3730    i.USBD_LL_DataOutStage  usbd_core.o
    0x08003634   0x08003634   0x00000004   Code   RO         3731    i.USBD_LL_DevConnected  usbd_core.o
    0x08003638   0x08003638   0x00000018   Code   RO         3732    i.USBD_LL_DevDisconnected  usbd_core.o
    0x08003650   0x08003650   0x00000012   Code   RO         4315    i.USBD_LL_FlushEP   usbd_conf.o
    0x08003662   0x08003662   0x00000008   Code   RO         4316    i.USBD_LL_GetRxDataSize  usbd_conf.o
    0x0800366a   0x0800366a   0x00000002   PAD
    0x0800366c   0x0800366c   0x00000058   Code   RO         4317    i.USBD_LL_Init      usbd_conf.o
    0x080036c4   0x080036c4   0x00000020   Code   RO         4318    i.USBD_LL_IsStallEP  usbd_conf.o
    0x080036e4   0x080036e4   0x00000020   Code   RO         3733    i.USBD_LL_IsoINIncomplete  usbd_core.o
    0x08003704   0x08003704   0x00000020   Code   RO         3734    i.USBD_LL_IsoOUTIncomplete  usbd_core.o
    0x08003724   0x08003724   0x00000018   Code   RO         4319    i.USBD_LL_OpenEP    usbd_conf.o
    0x0800373c   0x0800373c   0x00000012   Code   RO         4320    i.USBD_LL_PrepareReceive  usbd_conf.o
    0x0800374e   0x0800374e   0x0000005a   Code   RO         3735    i.USBD_LL_Reset     usbd_core.o
    0x080037a8   0x080037a8   0x00000014   Code   RO         3736    i.USBD_LL_Resume    usbd_core.o
    0x080037bc   0x080037bc   0x00000020   Code   RO         3737    i.USBD_LL_SOF       usbd_core.o
    0x080037dc   0x080037dc   0x00000006   Code   RO         3738    i.USBD_LL_SetSpeed  usbd_core.o
    0x080037e2   0x080037e2   0x00000002   PAD
    0x080037e4   0x080037e4   0x0000001c   Code   RO         4321    i.USBD_LL_SetUSBAddress  usbd_conf.o
    0x08003800   0x08003800   0x00000060   Code   RO         3739    i.USBD_LL_SetupStage  usbd_core.o
    0x08003860   0x08003860   0x00000012   Code   RO         4322    i.USBD_LL_StallEP   usbd_conf.o
    0x08003872   0x08003872   0x00000012   Code   RO         4323    i.USBD_LL_Start     usbd_conf.o
    0x08003884   0x08003884   0x00000012   Code   RO         3740    i.USBD_LL_Suspend   usbd_core.o
    0x08003896   0x08003896   0x00000012   Code   RO         4325    i.USBD_LL_Transmit  usbd_conf.o
    0x080038a8   0x080038a8   0x0000000a   Code   RO         4010    i.USBD_MSC_DataIn   usbd_msc.o
    0x080038b2   0x080038b2   0x0000000a   Code   RO         4011    i.USBD_MSC_DataOut  usbd_msc.o
    0x080038bc   0x080038bc   0x00000038   Code   RO         4012    i.USBD_MSC_DeInit   usbd_msc.o
    0x080038f4   0x080038f4   0x0000000c   Code   RO         4013    i.USBD_MSC_GetDeviceQualifierDescriptor  usbd_msc.o
    0x08003900   0x08003900   0x0000000c   Code   RO         4014    i.USBD_MSC_GetFSCfgDesc  usbd_msc.o
    0x0800390c   0x0800390c   0x0000000c   Code   RO         4015    i.USBD_MSC_GetHSCfgDesc  usbd_msc.o
    0x08003918   0x08003918   0x0000000c   Code   RO         4016    i.USBD_MSC_GetOtherSpeedCfgDesc  usbd_msc.o
    0x08003924   0x08003924   0x00000064   Code   RO         4017    i.USBD_MSC_Init     usbd_msc.o
    0x08003988   0x08003988   0x0000000e   Code   RO         4018    i.USBD_MSC_RegisterStorage  usbd_msc.o
    0x08003996   0x08003996   0x000000d4   Code   RO         4019    i.USBD_MSC_Setup    usbd_msc.o
    0x08003a6a   0x08003a6a   0x0000002c   Code   RO         3881    i.USBD_ParseSetupRequest  usbd_ctlreq.o
    0x08003a96   0x08003a96   0x00000024   Code   RO         3741    i.USBD_RegisterClass  usbd_core.o
    0x08003aba   0x08003aba   0x00000014   Code   RO         3743    i.USBD_SetClassConfig  usbd_core.o
    0x08003ace   0x08003ace   0x00000002   PAD
    0x08003ad0   0x08003ad0   0x000000bc   Code   RO         3882    i.USBD_SetConfig    usbd_ctlreq.o
    0x08003b8c   0x08003b8c   0x00000004   Code   RO         3744    i.USBD_Start        usbd_core.o
    0x08003b90   0x08003b90   0x00000114   Code   RO         3883    i.USBD_StdDevReq    usbd_ctlreq.o
    0x08003ca4   0x08003ca4   0x00000140   Code   RO         3884    i.USBD_StdEPReq     usbd_ctlreq.o
    0x08003de4   0x08003de4   0x00000052   Code   RO         3885    i.USBD_StdItfReq    usbd_ctlreq.o
    0x08003e36   0x08003e36   0x00000002   PAD
    0x08003e38   0x08003e38   0x00000080   Code   RO         2887    i.USB_ActivateEndpoint  stm32f4xx_ll_usb.o
    0x08003eb8   0x08003eb8   0x0000001c   Code   RO         2889    i.USB_ActivateSetup  stm32f4xx_ll_usb.o
    0x08003ed4   0x08003ed4   0x00000074   Code   RO         2891    i.USB_CoreInit      stm32f4xx_ll_usb.o
    0x08003f48   0x08003f48   0x00000038   Code   RO         2892    i.USB_CoreReset     stm32f4xx_ll_usb.o
    0x08003f80   0x08003f80   0x000000cc   Code   RO         2895    i.USB_DeactivateEndpoint  stm32f4xx_ll_usb.o
    0x0800404c   0x0800404c   0x0000001c   Code   RO         2896    i.USB_DevConnect    stm32f4xx_ll_usb.o
    0x08004068   0x08004068   0x0000001c   Code   RO         2897    i.USB_DevDisconnect  stm32f4xx_ll_usb.o
    0x08004084   0x08004084   0x00000174   Code   RO         2898    i.USB_DevInit       stm32f4xx_ll_usb.o
    0x080041f8   0x080041f8   0x0000000c   Code   RO         2899    i.USB_DisableGlobalInt  stm32f4xx_ll_usb.o
    0x08004204   0x08004204   0x00000118   Code   RO         2902    i.USB_EP0StartXfer  stm32f4xx_ll_usb.o
    0x0800431c   0x0800431c   0x00000058   Code   RO         2903    i.USB_EP0_OutStart  stm32f4xx_ll_usb.o
    0x08004374   0x08004374   0x00000058   Code   RO         2904    i.USB_EPClearStall  stm32f4xx_ll_usb.o
    0x080043cc   0x080043cc   0x00000058   Code   RO         2905    i.USB_EPSetStall    stm32f4xx_ll_usb.o
    0x08004424   0x08004424   0x000001e8   Code   RO         2906    i.USB_EPStartXfer   stm32f4xx_ll_usb.o
    0x0800460c   0x0800460c   0x0000000c   Code   RO         2907    i.USB_EnableGlobalInt  stm32f4xx_ll_usb.o
    0x08004618   0x08004618   0x00000020   Code   RO         2908    i.USB_FlushRxFifo   stm32f4xx_ll_usb.o
    0x08004638   0x08004638   0x00000024   Code   RO         2909    i.USB_FlushTxFifo   stm32f4xx_ll_usb.o
    0x0800465c   0x0800465c   0x0000001a   Code   RO         2911    i.USB_GetDevSpeed   stm32f4xx_ll_usb.o
    0x08004676   0x08004676   0x00000008   Code   RO         2913    i.USB_GetMode       stm32f4xx_ll_usb.o
    0x0800467e   0x0800467e   0x0000000e   Code   RO         2920    i.USB_ReadDevAllInEpInterrupt  stm32f4xx_ll_usb.o
    0x0800468c   0x0800468c   0x0000000e   Code   RO         2921    i.USB_ReadDevAllOutEpInterrupt  stm32f4xx_ll_usb.o
    0x0800469a   0x0800469a   0x00000024   Code   RO         2922    i.USB_ReadDevInEPInterrupt  stm32f4xx_ll_usb.o
    0x080046be   0x080046be   0x00000010   Code   RO         2923    i.USB_ReadDevOutEPInterrupt  stm32f4xx_ll_usb.o
    0x080046ce   0x080046ce   0x00000008   Code   RO         2924    i.USB_ReadInterrupts  stm32f4xx_ll_usb.o
    0x080046d6   0x080046d6   0x0000001c   Code   RO         2925    i.USB_ReadPacket    stm32f4xx_ll_usb.o
    0x080046f2   0x080046f2   0x0000002e   Code   RO         2927    i.USB_SetCurrentMode  stm32f4xx_ll_usb.o
    0x08004720   0x08004720   0x00000022   Code   RO         2928    i.USB_SetDevAddress  stm32f4xx_ll_usb.o
    0x08004742   0x08004742   0x00000002   PAD
    0x08004744   0x08004744   0x000000e8   Code   RO         2930    i.USB_SetTurnaroundTime  stm32f4xx_ll_usb.o
    0x0800482c   0x0800482c   0x00000024   Code   RO         2933    i.USB_WritePacket   stm32f4xx_ll_usb.o
    0x08004850   0x08004850   0x00000002   Code   RO          416    i.UsageFault_Handler  stm32f4xx_it.o
    0x08004852   0x08004852   0x00000002   PAD
    0x08004854   0x08004854   0x00000010   Code   RO         4644    i.__0printf$bare    mc_w.l(printfb.o)
    0x08004864   0x08004864   0x00000020   Code   RO         1564    i.__NVIC_SetPriority  stm32f4xx_hal_cortex.o
    0x08004884   0x08004884   0x0000000e   Code   RO         4949    i.__scatterload_copy  mc_w.l(handlers.o)
    0x08004892   0x08004892   0x00000002   Code   RO         4950    i.__scatterload_null  mc_w.l(handlers.o)
    0x08004894   0x08004894   0x0000000e   Code   RO         4951    i.__scatterload_zeroinit  mc_w.l(handlers.o)
    0x080048a2   0x080048a2   0x00000022   Code   RO         4651    i._printf_core      mc_w.l(printfb.o)
    0x080048c4   0x080048c4   0x0000002c   Code   RO         3224    i.delay_us          delay.o
    0x080048f0   0x080048f0   0x00000018   Code   RO          363    i.fputc             usart.o
    0x08004908   0x08004908   0x00000030   Code   RO         3312    i.lcd_clear         lcd.o
    0x08004938   0x08004938   0x000000ec   Code   RO         3314    i.lcd_display_dir   lcd.o
    0x08004a24   0x08004a24   0x00000018   Code   RO         3320    i.lcd_draw_point    lcd.o
    0x08004a3c   0x08004a3c   0x0000022e   Code   RO         3322    i.lcd_ex_ili9341_reginit  lcd.o
    0x08004c6a   0x08004c6a   0x00000342   Code   RO         3323    i.lcd_ex_ili9806_reginit  lcd.o
    0x08004fac   0x08004fac   0x00000ef4   Code   RO         3324    i.lcd_ex_nt35310_reginit  lcd.o
    0x08005ea0   0x08005ea0   0x00000efa   Code   RO         3325    i.lcd_ex_nt35510_reginit  lcd.o
    0x08006d9a   0x08006d9a   0x00000170   Code   RO         3326    i.lcd_ex_ssd1963_reginit  lcd.o
    0x08006f0a   0x08006f0a   0x000001aa   Code   RO         3327    i.lcd_ex_st7789_reginit  lcd.o
    0x080070b4   0x080070b4   0x000001c2   Code   RO         3328    i.lcd_ex_st7796_reginit  lcd.o
    0x08007276   0x08007276   0x00000002   PAD
    0x08007278   0x08007278   0x00000048   Code   RO         3329    i.lcd_fill          lcd.o
    0x080072c0   0x080072c0   0x00000214   Code   RO         3331    i.lcd_init          lcd.o
    0x080074d4   0x080074d4   0x0000001c   Code   RO         3333    i.lcd_rd_data       lcd.o
    0x080074f0   0x080074f0   0x00000184   Code   RO         3335    i.lcd_scan_dir      lcd.o
    0x08007674   0x08007674   0x000000f4   Code   RO         3336    i.lcd_set_cursor    lcd.o
    0x08007768   0x08007768   0x000000dc   Code   RO         3338    i.lcd_show_char     lcd.o
    0x08007844   0x08007844   0x00000056   Code   RO         3340    i.lcd_show_string   lcd.o
    0x0800789a   0x0800789a   0x00000002   PAD
    0x0800789c   0x0800789c   0x00000050   Code   RO         3342    i.lcd_ssd_backlight_set  lcd.o
    0x080078ec   0x080078ec   0x00000018   Code   RO         3343    i.lcd_wr_data       lcd.o
    0x08007904   0x08007904   0x00000018   Code   RO         3344    i.lcd_wr_regno      lcd.o
    0x0800791c   0x0800791c   0x00000014   Code   RO         3345    i.lcd_write_ram_prepare  lcd.o
    0x08007930   0x08007930   0x00000010   Code   RO         3346    i.lcd_write_reg     lcd.o
    0x08007940   0x08007940   0x000002ec   Code   RO           15    i.main              main.o
    0x08007c2c   0x08007c2c   0x00000058   Code   RO         3646    i.my_mem_free       malloc.o
    0x08007c84   0x08007c84   0x0000002c   Code   RO         3647    i.my_mem_init       malloc.o
    0x08007cb0   0x08007cb0   0x00000090   Code   RO         3648    i.my_mem_malloc     malloc.o
    0x08007d40   0x08007d40   0x0000003c   Code   RO         3649    i.my_mem_perused    malloc.o
    0x08007d7c   0x08007d7c   0x0000000e   Code   RO         3650    i.my_mem_set        malloc.o
    0x08007d8a   0x08007d8a   0x00000002   PAD
    0x08007d8c   0x08007d8c   0x00000018   Code   RO         3651    i.myfree            malloc.o
    0x08007da4   0x08007da4   0x00000020   Code   RO         3652    i.mymalloc          malloc.o
    0x08007dc4   0x08007dc4   0x0000003c   Code   RO         3550    i.norflash_erase_sector  norflash.o
    0x08007e00   0x08007e00   0x00000060   Code   RO         3551    i.norflash_init     norflash.o
    0x08007e60   0x08007e60   0x00000048   Code   RO         3552    i.norflash_read     norflash.o
    0x08007ea8   0x08007ea8   0x00000048   Code   RO         3553    i.norflash_read_id  norflash.o
    0x08007ef0   0x08007ef0   0x00000044   Code   RO         3554    i.norflash_read_sr  norflash.o
    0x08007f34   0x08007f34   0x00000034   Code   RO         3555    i.norflash_send_address  norflash.o
    0x08007f68   0x08007f68   0x0000000e   Code   RO         3556    i.norflash_wait_busy  norflash.o
    0x08007f76   0x08007f76   0x00000002   PAD
    0x08007f78   0x08007f78   0x0000009c   Code   RO         3557    i.norflash_write    norflash.o
    0x08008014   0x08008014   0x00000028   Code   RO         3558    i.norflash_write_enable  norflash.o
    0x0800803c   0x0800803c   0x0000007c   Code   RO         3559    i.norflash_write_nocheck  norflash.o
    0x080080b8   0x080080b8   0x00000044   Code   RO         3560    i.norflash_write_sr  norflash.o
    0x080080fc   0x080080fc   0x00000020   Code   RO         3561    i.spi2_read_write_byte  norflash.o
    0x0800811c   0x0800811c   0x00000094   Code   RO           16    i.sys_stm32_clock_init  main.o
    0x080081b0   0x080081b0   0x00000010   Data   RO         3186    .constdata          system_stm32f4xx.o
    0x080081c0   0x080081c0   0x00000008   Data   RO         3187    .constdata          system_stm32f4xx.o
    0x080081c8   0x080081c8   0x00002f80   Data   RO         3349    .constdata          lcd.o
    0x0800b148   0x0800b148   0x00000018   Data   RO         3658    .constdata          malloc.o
    0x0800b160   0x0800b160   0x00000024   Data   RO         4581    .constdata          usbd_storage.o
    0x0800b184   0x0800b184   0x00000040   Data   RO         4947    Region$$Table       anon$$obj.o


    Execution Region RW_IRAM1 (Exec base: 0x20000000, Load base: 0x0800b1c4, Size: 0x0001a3c0, Max: 0x0001c000, ABSOLUTE)

    Exec Addr    Load Addr    Size         Type   Attr      Idx    E Section Name        Object

    0x20000000   0x0800b1c4   0x0000000c   Data   RW         1708    .data               stm32f4xx_hal.o
    0x2000000c   0x0800b1d0   0x00000004   Data   RW         3188    .data               system_stm32f4xx.o
    0x20000010   0x0800b1d4   0x00000038   Data   RW         4020    .data               usbd_msc.o
    0x20000048   0x0800b20c   0x00000008   Data   RW         4166    .data               usbd_msc_data.o
    0x20000050   0x0800b214   0x0000001b   Data   RW         4168    .data               usbd_msc_data.o
    0x2000006b   0x0800b22f   0x00000001   Data   RW         4582    .data               usbd_storage.o
    0x2000006c   0x0800b230   0x00000020   Data   RW         4583    .data               usbd_storage.o
    0x2000008c   0x0800b250   0x00000004   Data   RW         4925    .data               mc_w.l(stdout.o)
    0x20000090        -       0x000002d0   Zero   RW           17    .bss                main.o
    0x20000360        -       0x00000044   Zero   RW          364    .bss                usart.o
    0x200003a4        -       0x0000000e   Zero   RW         3348    .bss                lcd.o
    0x200003b2        -       0x00001000   Zero   RW         3562    .bss                norflash.o
    0x200013b2   0x0800b254   0x0000000e   PAD
    0x200013c0        -       0x00019000   Zero   RW         3656    .bss                malloc.o


    Execution Region RW_IRAM2 (Exec base: 0x2001c000, Load base: 0x0800b254, Size: 0x000023b8, Max: 0x00004000, ABSOLUTE)

    Exec Addr    Load Addr    Size         Type   Attr      Idx    E Section Name        Object

    0x2001c000   0x0800b254   0x00000008   Data   RW          275    .data               fsmc.o
    0x2001c008   0x0800b25c   0x00000004   Data   RW         3351    .data               lcd.o
    0x2001c00c   0x0800b260   0x00000002   Data   RW         3563    .data               norflash.o
    0x2001c00e   0x0800b262   0x00000002   PAD
    0x2001c010   0x0800b264   0x0000001c   Data   RW         3659    .data               malloc.o
    0x2001c02c   0x0800b280   0x00000001   Data   RW         3886    .data               usbd_ctlreq.o
    0x2001c02d   0x0800b281   0x00000003   PAD
    0x2001c030   0x0800b284   0x0000006a   Data   RW         4021    .data               usbd_msc.o
    0x2001c09a   0x0800b2ee   0x00000006   Data   RW         4165    .data               usbd_msc_data.o
    0x2001c0a0   0x0800b2f4   0x00000017   Data   RW         4167    .data               usbd_msc_data.o
    0x2001c0b7   0x0800b30b   0x00000001   Data   RW         4327    .data               usbd_conf.o
    0x2001c0b8   0x0800b30c   0x0000001c   Data   RW         4510    .data               usbd_desc.o
    0x2001c0d4   0x0800b328   0x00000032   Data   RW         4511    .data               usbd_desc.o
    0x2001c106   0x0800b35a   0x00000002   PAD
    0x2001c108        -       0x00000050   Zero   RW          274    .bss                fsmc.o
    0x2001c158        -       0x00000058   Zero   RW          321    .bss                spi.o
    0x2001c1b0        -       0x00001900   Zero   RW         3657    .bss                malloc.o
    0x2001dab0        -       0x00000408   Zero   RW         4326    .bss                usbd_conf.o
    0x2001deb8        -       0x00000100   Zero   RW         4509    .bss                usbd_desc.o
    0x2001dfb8        -       0x00000400   Zero   RW            1    STACK               startup_stm32f407xx.o



  Load Region LR$$.ARM.__AT_0x10000000 (Base: 0x10000000, Size: 0x00000000, Max: 0x0000f000, ABSOLUTE)

    Execution Region ER$$.ARM.__AT_0x10000000 (Exec base: 0x10000000, Load base: 0x10000000, Size: 0x0000f000, Max: 0x0000f000, ABSOLUTE, UNINIT)

    Exec Addr    Load Addr    Size         Type   Attr      Idx    E Section Name        Object

    0x10000000        -       0x0000f000   Zero   RW         3654    .ARM.__AT_0x10000000  malloc.o



  Load Region LR$$.ARM.__AT_0x1000F000 (Base: 0x1000f000, Size: 0x00000000, Max: 0x00000f00, ABSOLUTE)

    Execution Region ER$$.ARM.__AT_0x1000F000 (Exec base: 0x1000f000, Load base: 0x1000f000, Size: 0x00000f00, Max: 0x00000f00, ABSOLUTE, UNINIT)

    Exec Addr    Load Addr    Size         Type   Attr      Idx    E Section Name        Object

    0x1000f000        -       0x00000f00   Zero   RW         3655    .ARM.__AT_0x1000F000  malloc.o


==============================================================================

Image component sizes


      Code (inc. data)   RO Data    RW Data    ZI Data      Debug   Object Name

        84         20          0          0          0       1402   delay.o
       284         28          0          8         80       2415   fsmc.o
       264         16          0          0          0       1167   gpio.o
       148         30          0          0          0       3026   key_led.o
     12340        120      12160          4         14      24618   lcd.o
       900        222          0          0        720     701890   main.o
       406         46         24         28     174080       6759   malloc.o
       854         52          0          2       4096       8789   norflash.o
       176         22          0          0         88       1801   spi.o
        36          8        392          0       1024        864   startup_stm32f407xx.o
       192         32          0         12          0      10200   stm32f4xx_hal.o
       198         14          0          0          0      34007   stm32f4xx_hal_cortex.o
       518         44          0          0          0       2945   stm32f4xx_hal_gpio.o
        48          6          0          0          0        914   stm32f4xx_hal_msp.o
      2360         14          0          0          0      13928   stm32f4xx_hal_pcd.o
        78          0          0          0          0       2513   stm32f4xx_hal_pcd_ex.o
      1356         78          0          0          0       5916   stm32f4xx_hal_rcc.o
       942         12          0          0          0       5053   stm32f4xx_hal_spi.o
        86          0          0          0          0       1272   stm32f4xx_hal_sram.o
       644         10          0          0          0       4264   stm32f4xx_hal_uart.o
        20          0          0          0          0       4418   stm32f4xx_it.o
       216         12          0          0          0       2815   stm32f4xx_ll_fsmc.o
      2582        132          0          0          0      23656   stm32f4xx_ll_usb.o
        16          4         24          4          0       1211   system_stm32f4xx.o
       184         24          0          0         68       2474   usart.o
       906        204          0          1       1032      17614   usbd_conf.o
       744          0          0          0          0      12857   usbd_core.o
      1244         30          0          1          0      14492   usbd_ctlreq.o
       284        100          0         78        256       6461   usbd_desc.o
       102          0          0          0          0       3888   usbd_ioreq.o
       450         16          0        162          0       9578   usbd_msc.o
       688         12          0          0          0       7697   usbd_msc_bot.o
         0          0          0         64          0        961   usbd_msc_data.o
      2300         18          0          0          0      17395   usbd_msc_scsi.o
       170         18         36         33          0       5236   usbd_storage.o

    ----------------------------------------------------------------------
     31858       1344      12700        404     181472     964496   Object Totals
         0          0         64          0          0          0   (incl. Generated)
        38          0          0          7         14          0   (incl. Padding)

    ----------------------------------------------------------------------

      Code (inc. data)   RO Data    RW Data    ZI Data      Debug   Library Member Name

        86          0          0          0          0          0   __dczerorl2.o
         0          0          0          0          0          0   entry.o
         0          0          0          0          0          0   entry10a.o
         0          0          0          0          0          0   entry11a.o
         4          0          0          0          0          0   entry12b.o
         8          4          0          0          0          0   entry2.o
         4          0          0          0          0          0   entry5.o
         0          0          0          0          0          0   entry7b.o
         0          0          0          0          0          0   entry8b.o
         8          4          0          0          0          0   entry9a.o
        30          0          0          0          0          0   handlers.o
        36          8          0          0          0         68   init.o
         0          0          0          0          0          0   iusefp.o
        30          0          0          0          0         68   llshl.o
        32          0          0          0          0         68   llushr.o
        36          0          0          0          0         68   memcpya.o
        36          0          0          0          0        108   memseta.o
        50          8          0          0          0        152   printfb.o
         0          0          0          4          0          0   stdout.o
        98          0          0          0          0         92   uldiv.o
       186          0          0          0          0        176   depilogue.o
        50          0          0          0          0         76   dfixui.o
        26          0          0          0          0         76   dfltui.o
       228          0          0          0          0         96   dmul.o

    ----------------------------------------------------------------------
       950         24          0          4          0       1048   Library Totals
         2          0          0          0          0          0   (incl. Padding)

    ----------------------------------------------------------------------

      Code (inc. data)   RO Data    RW Data    ZI Data      Debug   Library Name

       458         24          0          4          0        624   mc_w.l
       490          0          0          0          0        424   mf_w.l

    ----------------------------------------------------------------------
       950         24          0          4          0       1048   Library Totals

    ----------------------------------------------------------------------

==============================================================================


      Code (inc. data)   RO Data    RW Data    ZI Data      Debug   

     32808       1368      12700        408     181472     940508   Grand Totals
     32808       1368      12700        408     181472     940508   ELF Image Totals
     32808       1368      12700        408          0          0   ROM Totals

==============================================================================

    Total RO  Size (Code + RO Data)                45508 (  44.44kB)
    Total RW  Size (RW Data + ZI Data)            181880 ( 177.62kB)
    Total ROM Size (Code + RO Data + RW Data)      45916 (  44.84kB)

==============================================================================

